Microchip MPLAB XC8 Compiler V2.10 ()

Linker command line:

-W-3 --edf=C:\Program Files (x86)\Microchip\xc8\v2.10\pic\dat\en_msgs.txt \
  -cs -h+dist/default/production\LCD-DESDE-CERO.X.production.sym \
  --cmf=dist/default/production\LCD-DESDE-CERO.X.production.cmf -z \
  -Q18F4550 -oC:\Users\danie\AppData\Local\Temp\sf48.2 \
  --defsym=__MPLAB_BUILD=1 \
  -Mdist/default/production/LCD-DESDE-CERO.X.production.map -E1 -ver=XC8 \
  -ASTACK=0AEh-07FFh -pstack=STACK -ACODE=01000h-07FFFh \
  -ACONST=01000h-07FFFh -ASMALLCONST=01000h-010FFhx112 \
  -AMEDIUMCONST=01000h-07FFFh -ACOMRAM=01h-05Fh -AABS1=00h-07FFh \
  -ABIGRAM=01h-07FFh -ARAM=060h-0FFh,0100h-01FFhx7 -ABANK0=060h-0FFh \
  -ABANK1=0100h-01FFh -ABANK2=0200h-02FFh -ABANK3=0300h-03FFh \
  -ABANK4=0400h-04FFh -ABANK5=0500h-05FFh -ABANK6=0600h-06FFh \
  -ABANK7=0700h-07FFh -ASFR=0F60h-0FFFh \
  -preset_vec=01000h,intcode,intcodelo,powerup,init -pramtop=0800h \
  -psmallconst=SMALLCONST -pmediumconst=MEDIUMCONST -pconst=CONST \
  -AFARRAM=00h-00h -ACONFIG=0300000h-030000Dh -pconfig=CONFIG \
  -AIDLOC=0200000h-0200007h -pidloc=IDLOC -AEEDATA=0F00000h-0F000FFh \
  -peeprom_data=EEDATA \
  -prdata=COMRAM,nvrram=COMRAM,nvbit=COMRAM,rbss=COMRAM,rbit=COMRAM \
  -pfarbss=FARRAM,fardata=FARRAM,nvFARRAM=FARRAM \
  -pintsave_regs=BIGRAM,bigbss=BIGRAM,bigdata=BIGRAM -pbss=RAM \
  -pidata=CODE,irdata=CODE,ibigdata=CODE,ifardata=CODE -prparam=COMRAM \
  C:\Users\danie\AppData\Local\Temp\sf48.o \
  dist/default/production\LCD-DESDE-CERO.X.production.o 

Object code version is 3.11

Machine type is 18F4550

Call graph: (short form)




                Name                               Link     Load   Length Selector   Space Scale
C:\Users\danie\AppData\Local\Temp\sf48.o
                init                               1000     1000        4      800       0
                idloc                            200000   200000        8   200000       0
                config                           300000   300000        E   300000       0
dist/default/production\LCD-DESDE-CERO.X.production.o
                smallconst                         1004     1004       90      802       0
                text36                             679C     679C       AE     33CE       0
                text35                             691C     691C       E6     348E       0
                text34                             6208     6208       24     3104       0
                text33                             61E6     61E6       22     30F3       0
                text32                             616C     616C        8     30B6       0
                text31                             630E     630E       3A     3187       0
                text30                             62D8     62D8       36     316C       0
                text29                             6182     6182       16     30C1       0
                text28                             6498     6498       58     324C       0
                text27                             6348     6348       3E     31A4       0
                text26                             6BEA     6BEA       FA     35F5       0
                text25                             61AE     61AE       1A     30D7       0
                text24                             6174     6174        E     30BA       0
                text23                             6386     6386       3E     31C3       0
                text22                             62A4     62A4       34     3152       0
                text21                             6276     6276       2E     313B       0
                text20                             6622     6622       74     3311       0
                text19                             622C     622C       24     3116       0
                text18                             6DE2     6DE2      1A8     36F1       0
                text17                             63C4     63C4       40     31E2       0
                text16                             684A     684A       D2     3425       0
                text15                             6696     6696       82     334B       0
                text14                             654C     654C       66     32A6       0
                text13                             64F0     64F0       5C     3278       0
                text12                             6A02     6A02       F4     3501       0
                text11                             6CE4     6CE4       FE     3672       0
                text10                             6AF6     6AF6       F4     357B       0
                text9                              6446     6446       52     3223       0
                text8                              6404     6404       42     3202       0
                text7                              6250     6250       26     3128       0
                text6                              6F8A     6F8A      25E     37C5       0
                text5                              61C8     61C8       1E     30E4       0
                text4                              6718     6718       84     338C       0
                text3                              65B2     65B2       70     32D9       0
                text2                              71E8     71E8      368     38F4       0
                text1                              78F8     78F8      708     3C7C       0
                text0                              7550     7550      3A8     3AA8       0
                cstackCOMRAM                          1        1       4A        1       1
                cstackBANK0                          60       60       49       60       1
                bssBANK0                             A9       A9        5       60       1
                cinit                              6198     6198       16     30CC       0

TOTAL           Name                               Link     Load   Length     Space
        CLASS   STACK          

        CLASS   CODE           
                init                               1000     1000        4         0
                text36                             679C     679C       AE         0
                text35                             691C     691C       E6         0
                text34                             6208     6208       24         0
                text33                             61E6     61E6       22         0
                text32                             616C     616C        8         0
                text31                             630E     630E       3A         0
                text30                             62D8     62D8       36         0
                text29                             6182     6182       16         0
                text28                             6498     6498       58         0
                text27                             6348     6348       3E         0
                text26                             6BEA     6BEA       FA         0
                text25                             61AE     61AE       1A         0
                text24                             6174     6174        E         0
                text23                             6386     6386       3E         0
                text22                             62A4     62A4       34         0
                text21                             6276     6276       2E         0
                text20                             6622     6622       74         0
                text19                             622C     622C       24         0
                text18                             6DE2     6DE2      1A8         0
                text17                             63C4     63C4       40         0
                text16                             684A     684A       D2         0
                text15                             6696     6696       82         0
                text14                             654C     654C       66         0
                text13                             64F0     64F0       5C         0
                text12                             6A02     6A02       F4         0
                text11                             6CE4     6CE4       FE         0
                text10                             6AF6     6AF6       F4         0
                text9                              6446     6446       52         0
                text8                              6404     6404       42         0
                text7                              6250     6250       26         0
                text6                              6F8A     6F8A      25E         0
                text5                              61C8     61C8       1E         0
                text4                              6718     6718       84         0
                text3                              65B2     65B2       70         0
                text2                              71E8     71E8      368         0
                text1                              78F8     78F8      708         0
                text0                              7550     7550      3A8         0
                cinit                              6198     6198       16         0

        CLASS   CONST          

        CLASS   SMALLCONST     
                smallconst                         1004     1004       90         0

        CLASS   MEDIUMCONST    

        CLASS   COMRAM         
                cstackCOMRAM                          1        1       4A         1

        CLASS   ABS1           

        CLASS   BIGRAM         

        CLASS   RAM            

        CLASS   BANK0          
                cstackBANK0                          60       60       49         1
                bssBANK0                             A9       A9        5         1

        CLASS   BANK1          

        CLASS   BANK2          

        CLASS   BANK3          

        CLASS   BANK4          

        CLASS   BANK5          

        CLASS   BANK6          

        CLASS   BANK7          

        CLASS   SFR            

        CLASS   FARRAM         

        CLASS   CONFIG         
                config                           300000   300000        E         0

        CLASS   IDLOC          
                idloc                            200000   200000        8         0

        CLASS   EEDATA         



SEGMENTS        Name                           Load    Length   Top    Selector   Space  Class

                cstackCOMRAM                   000001  00004A  00004B         1       1  COMRAM  
                cstackBANK0                    000060  00004E  0000AE        60       1  BANK0   
                reset_vec                      001000  000004  001004       800       0  CODE    
                smallconst                     001004  000090  001094       802       0  SMALLCON
                text32                         00616C  000008  006174      30B6       0  CODE    
                text24                         006174  00000E  006182      30BA       0  CODE    
                text29                         006182  000016  006198      30C1       0  CODE    
                cinit                          006198  000016  0061AE      30CC       0  CODE    
                text25                         0061AE  00001A  0061C8      30D7       0  CODE    
                text5                          0061C8  00001E  0061E6      30E4       0  CODE    
                text33                         0061E6  000022  006208      30F3       0  CODE    
                text34                         006208  000024  00622C      3104       0  CODE    
                text19                         00622C  000024  006250      3116       0  CODE    
                text7                          006250  000026  006276      3128       0  CODE    
                text21                         006276  00002E  0062A4      313B       0  CODE    
                text22                         0062A4  000034  0062D8      3152       0  CODE    
                text30                         0062D8  000036  00630E      316C       0  CODE    
                text31                         00630E  00003A  006348      3187       0  CODE    
                text27                         006348  00003E  006386      31A4       0  CODE    
                text23                         006386  00003E  0063C4      31C3       0  CODE    
                text17                         0063C4  000040  006404      31E2       0  CODE    
                text8                          006404  000042  006446      3202       0  CODE    
                text9                          006446  000052  006498      3223       0  CODE    
                text28                         006498  000058  0064F0      324C       0  CODE    
                text13                         0064F0  00005C  00654C      3278       0  CODE    
                text14                         00654C  000066  0065B2      32A6       0  CODE    
                text3                          0065B2  000070  006622      32D9       0  CODE    
                text20                         006622  000074  006696      3311       0  CODE    
                text15                         006696  000082  006718      334B       0  CODE    
                text4                          006718  000084  00679C      338C       0  CODE    
                text36                         00679C  0000AE  00684A      33CE       0  CODE    
                text16                         00684A  0000D2  00691C      3425       0  CODE    
                text35                         00691C  0000E6  006A02      348E       0  CODE    
                text12                         006A02  0000F4  006AF6      3501       0  CODE    
                text10                         006AF6  0000F4  006BEA      357B       0  CODE    
                text26                         006BEA  0000FA  006CE4      35F5       0  CODE    
                text11                         006CE4  0000FE  006DE2      3672       0  CODE    
                text18                         006DE2  0001A8  006F8A      36F1       0  CODE    
                text6                          006F8A  00025E  0071E8      37C5       0  CODE    
                text2                          0071E8  000368  007550      38F4       0  CODE    
                text0                          007550  0003A8  0078F8      3AA8       0  CODE    
                text1                          0078F8  000708  008000      3C7C       0  CODE    
                idloc                          200000  000008  200008    200000       0  IDLOC   
                config                         300000  00000E  30000E    300000       0  CONFIG  


UNUSED ADDRESS RANGES

        Name                Unused          Largest block    Delta
        BANK0            0000AE-0000FF               52
        BANK1            000100-0001FF              100
        BANK2            000200-0002FF              100
        BANK3            000300-0003FF              100
        BANK4            000400-0004FF              100
        BANK5            000500-0005FF              100
        BANK6            000600-0006FF              100
        BANK7            000700-0007FF              100
        BIGRAM           00004B-00005F               15
                         0000AE-0007FF              752
        CODE             001094-00616B             50D8
        COMRAM           00004B-00005F               15
        CONST            001094-00616B             50D8
        EEDATA           F00000-F000FF              100
        FARRAM           000000-000000                1
        MEDIUMCONST      001094-00616B             50D8
        RAM              0000AE-0007FF              100
        SFR              000F60-000FFF               A0
        SMALLCONST       001094-00616B              100
        STACK            0000AE-0007FF              752

                                  Symbol Table

?___awdiv                   cstackCOMRAM 000007
?___awmod                   cstackCOMRAM 000001
?___ftadd                   cstackCOMRAM 00002C
?___ftdiv                   cstackCOMRAM 000022
?___ftmul                   cstackCOMRAM 000013
?___ftneg                   cstackCOMRAM 000001
?___ftpack                  cstackCOMRAM 000001
?___ftsub                   cstackCOMRAM 000038
?___fttol                   cstackCOMRAM 000029
?___lldiv                   cstackCOMRAM 000001
?___llmod                   cstackCOMRAM 000001
?___lltoft                  cstackCOMRAM 000009
?___lwdiv                   cstackCOMRAM 000006
?___lwmod                   cstackCOMRAM 000001
?___lwtoft                  cstackCOMRAM 000009
?___wmul                    cstackCOMRAM 00000D
?__div_to_l_                cstackCOMRAM 000001
?__tdiv_to_l_               cstackCOMRAM 000001
?_conversionADC             cstackCOMRAM 000001
?_fround                    cstackCOMRAM 000022
?_scale                     cstackCOMRAM 000022
?_sprintf                   cstackCOMRAM 00003E
OpenXLCD@lcdtype            cstackCOMRAM 000007
SetDDRamAddr@DDaddr         cstackCOMRAM 000004
WriteCmdXLCD@cmd            cstackCOMRAM 000001
WriteDataXLCD@data          cstackCOMRAM 000001
_ADCON0                     (abs)        000FC2
_ADCON0bits                 (abs)        000FC2
_ADCON1                     (abs)        000FC1
_ADCON2                     (abs)        000FC0
_ADRESH                     (abs)        000FC4
_ADRESL                     (abs)        000FC3
_BusyXLCD                   text31       00630E
_DelayFor18TCY              text32       00616C
_DelayPORXLCD               text29       006182
_LATEbits                   (abs)        000F8D
_OpenXLCD                   text26       006BEA
_PORTD                      (abs)        000F83
_SetDDRamAddr               text28       006498
_TRISD                      (abs)        000F95
_TRISEbits                  (abs)        000F96
_WriteCmdXLCD               text27       006348
_WriteDataXLCD              text23       006386
__CFG_BOR$ON                (abs)        000000
__CFG_BORV$3                (abs)        000000
__CFG_CP0$OFF               (abs)        000000
__CFG_CP1$OFF               (abs)        000000
__CFG_CPB$OFF               (abs)        000000
__CFG_CPUDIV$OSC1_PLL2      (abs)        000000
__CFG_EBTR0$OFF             (abs)        000000
__CFG_EBTR1$OFF             (abs)        000000
__CFG_EBTRB$OFF             (abs)        000000
__CFG_FCMEN$OFF             (abs)        000000
__CFG_FOSC$HSPLL_HS         (abs)        000000
__CFG_IESO$OFF              (abs)        000000
__CFG_LPT1OSC$OFF           (abs)        000000
__CFG_LVP$OFF               (abs)        000000
__CFG_MCLRE$ON              (abs)        000000
__CFG_PBADEN$OFF            (abs)        000000
__CFG_PLLDIV$5              (abs)        000000
__CFG_PWRT$OFF              (abs)        000000
__CFG_STVREN$ON             (abs)        000000
__CFG_USBDIV$2              (abs)        000000
__CFG_VREGEN$ON             (abs)        000000
__CFG_WDT$OFF               (abs)        000000
__CFG_WDTPS$32768           (abs)        000000
__CFG_WRT0$OFF              (abs)        000000
__CFG_WRT1$OFF              (abs)        000000
__CFG_WRTB$OFF              (abs)        000000
__CFG_WRTC$OFF              (abs)        000000
__CFG_XINST$OFF             (abs)        000000
__HRAM                      (abs)        000000
__Habs1                     abs1         000000
__Hbank0                    bank0        000000
__Hbank1                    bank1        000000
__Hbank2                    bank2        000000
__Hbank3                    bank3        000000
__Hbank4                    bank4        000000
__Hbank5                    bank5        000000
__Hbank6                    bank6        000000
__Hbank7                    bank7        000000
__Hbigbss                   bigbss       000000
__Hbigdata                  bigdata      000000
__Hbigram                   bigram       000000
__Hbss                      bss          000000
__HbssBANK0                 bssBANK0     000000
__Hcinit                    cinit        000000
__Hclrtext                  clrtext      000000
__Hcomram                   comram       000000
__Hconfig                   config       30000E
__Hconst                    const        000000
__HcstackBANK0              cstackBANK0  000000
__HcstackCOMRAM             cstackCOMRAM 000000
__Hdata                     data         000000
__Heeprom_data              eeprom_data  000000
__Hfarbss                   farbss       000000
__Hfardata                  fardata      000000
__Hibigdata                 ibigdata     000000
__Hidata                    idata        000000
__Hidloc                    idloc        200008
__Hifardata                 ifardata     000000
__Hinit                     init         001004
__Hintcode                  intcode      001000
__Hintcode_body             intcode_body 000000
__Hintcodelo                intcodelo    001000
__Hintentry                 intentry     000000
__Hintret                   intret       000000
__Hintsave_regs             intsave_regs 000000
__Hirdata                   irdata       000000
__Hmediumconst              mediumconst  000000
__HnvFARRAM                 nvFARRAM     000000
__Hnvbit                    nvbit        000000
__Hnvrram                   nvrram       000000
__Hparam                    rparam       000000
__Hpowerup                  powerup      001000
__Hram                      ram          000000
__Hramtop                   ramtop       000800
__Hrbit                     rbit         000000
__Hrbss                     rbss         000000
__Hrdata                    rdata        000000
__Hreset_vec                reset_vec    001000
__Hrparam                   rparam       000000
__Hsfr                      sfr          000000
__Hsmallconst               smallconst   001094
__Hspace_0                  (abs)        30000E
__Hspace_1                  (abs)        0000AE
__Hspace_2                  (abs)        000000
__Hstack                    stack        000000
__Hstruct                   struct       000000
__Htemp                     temp         000000
__Htext                     text         000000
__Htext0                    text0        000000
__Htext1                    text1        000000
__Htext10                   text10       000000
__Htext11                   text11       000000
__Htext12                   text12       000000
__Htext13                   text13       000000
__Htext14                   text14       000000
__Htext15                   text15       000000
__Htext16                   text16       000000
__Htext17                   text17       000000
__Htext18                   text18       000000
__Htext19                   text19       000000
__Htext2                    text2        000000
__Htext20                   text20       000000
__Htext21                   text21       000000
__Htext22                   text22       000000
__Htext23                   text23       000000
__Htext24                   text24       000000
__Htext25                   text25       000000
__Htext26                   text26       000000
__Htext27                   text27       000000
__Htext28                   text28       000000
__Htext29                   text29       000000
__Htext3                    text3        000000
__Htext30                   text30       000000
__Htext31                   text31       000000
__Htext32                   text32       000000
__Htext33                   text33       000000
__Htext34                   text34       000000
__Htext35                   text35       000000
__Htext36                   text36       000000
__Htext4                    text4        000000
__Htext5                    text5        000000
__Htext6                    text6        000000
__Htext7                    text7        000000
__Htext8                    text8        000000
__Htext9                    text9        000000
__LRAM                      (abs)        000001
__Labs1                     abs1         000000
__Lbank0                    bank0        000000
__Lbank1                    bank1        000000
__Lbank2                    bank2        000000
__Lbank3                    bank3        000000
__Lbank4                    bank4        000000
__Lbank5                    bank5        000000
__Lbank6                    bank6        000000
__Lbank7                    bank7        000000
__Lbigbss                   bigbss       000000
__Lbigdata                  bigdata      000000
__Lbigram                   bigram       000000
__Lbss                      bss          000000
__LbssBANK0                 bssBANK0     000000
__Lcinit                    cinit        000000
__Lclrtext                  clrtext      000000
__Lcomram                   comram       000000
__Lconfig                   config       300000
__Lconst                    const        000000
__LcstackBANK0              cstackBANK0  000000
__LcstackCOMRAM             cstackCOMRAM 000000
__Ldata                     data         000000
__Leeprom_data              eeprom_data  000000
__Lfarbss                   farbss       000000
__Lfardata                  fardata      000000
__Libigdata                 ibigdata     000000
__Lidata                    idata        000000
__Lidloc                    idloc        200000
__Lifardata                 ifardata     000000
__Linit                     init         001000
__Lintcode                  intcode      001000
__Lintcode_body             intcode_body 000000
__Lintcodelo                intcodelo    001000
__Lintentry                 intentry     000000
__Lintret                   intret       000000
__Lintsave_regs             intsave_regs 000000
__Lirdata                   irdata       000000
__Lmediumconst              mediumconst  000000
__LnvFARRAM                 nvFARRAM     000000
__Lnvbit                    nvbit        000000
__Lnvrram                   nvrram       000000
__Lparam                    rparam       000000
__Lpowerup                  powerup      001000
__Lram                      ram          000000
__Lramtop                   ramtop       000800
__Lrbit                     rbit         000000
__Lrbss                     rbss         000000
__Lrdata                    rdata        000000
__Lreset_vec                reset_vec    001000
__Lrparam                   rparam       000000
__Lsfr                      sfr          000000
__Lsmallconst               smallconst   001004
__Lspace_0                  (abs)        000000
__Lspace_1                  (abs)        000000
__Lspace_2                  (abs)        000000
__Lstack                    stack        000000
__Lstruct                   struct       000000
__Ltemp                     temp         000000
__Ltext                     text         000000
__Ltext0                    text0        000000
__Ltext1                    text1        000000
__Ltext10                   text10       000000
__Ltext11                   text11       000000
__Ltext12                   text12       000000
__Ltext13                   text13       000000
__Ltext14                   text14       000000
__Ltext15                   text15       000000
__Ltext16                   text16       000000
__Ltext17                   text17       000000
__Ltext18                   text18       000000
__Ltext19                   text19       000000
__Ltext2                    text2        000000
__Ltext20                   text20       000000
__Ltext21                   text21       000000
__Ltext22                   text22       000000
__Ltext23                   text23       000000
__Ltext24                   text24       000000
__Ltext25                   text25       000000
__Ltext26                   text26       000000
__Ltext27                   text27       000000
__Ltext28                   text28       000000
__Ltext29                   text29       000000
__Ltext3                    text3        000000
__Ltext30                   text30       000000
__Ltext31                   text31       000000
__Ltext32                   text32       000000
__Ltext33                   text33       000000
__Ltext34                   text34       000000
__Ltext35                   text35       000000
__Ltext36                   text36       000000
__Ltext4                    text4        000000
__Ltext5                    text5        000000
__Ltext6                    text6        000000
__Ltext7                    text7        000000
__Ltext8                    text8        000000
__Ltext9                    text9        000000
__S0                        (abs)        30000E
__S1                        (abs)        0000AE
__S2                        (abs)        000000
___awdiv                    text4        006718
___awdiv@counter            cstackCOMRAM 00000B
___awdiv@dividend           cstackCOMRAM 000007
___awdiv@divisor            cstackCOMRAM 000009
___awdiv@quotient           cstackCOMRAM 00000D
___awdiv@sign               cstackCOMRAM 00000C
___awmod                    text3        0065B2
___awmod@counter            cstackCOMRAM 000005
___awmod@dividend           cstackCOMRAM 000001
___awmod@divisor            cstackCOMRAM 000003
___awmod@sign               cstackCOMRAM 000006
___ftadd                    text18       006DE2
___ftadd@exp1               cstackCOMRAM 000037
___ftadd@exp2               cstackCOMRAM 000036
___ftadd@f1                 cstackCOMRAM 00002C
___ftadd@f2                 cstackCOMRAM 00002F
___ftadd@sign               cstackCOMRAM 000035
___ftdiv                    text35       00691C
___ftdiv@cntr               cstackCOMRAM 00002B
___ftdiv@exp                cstackCOMRAM 00002F
___ftdiv@f1                 cstackCOMRAM 000022
___ftdiv@f2                 cstackCOMRAM 000025
___ftdiv@f3                 cstackCOMRAM 00002C
___ftdiv@sign               cstackCOMRAM 000030
___ftge                     text20       006622
___ftge@ff1                 cstackCOMRAM 000001
___ftge@ff2                 cstackCOMRAM 000004
___ftmul                    text10       006AF6
___ftmul@cntr               cstackCOMRAM 000020
___ftmul@exp                cstackCOMRAM 00001C
___ftmul@f1                 cstackCOMRAM 000013
___ftmul@f2                 cstackCOMRAM 000016
___ftmul@f3_as_product      cstackCOMRAM 00001D
___ftmul@sign               cstackCOMRAM 000021
___ftneg                    text19       00622C
___ftneg@f1                 cstackCOMRAM 000001
___ftpack                   text36       00679C
___ftpack@arg               cstackCOMRAM 000001
___ftpack@exp               cstackCOMRAM 000004
___ftpack@sign              cstackCOMRAM 000005
___ftsub                    text17       0063C4
___ftsub@f1                 cstackCOMRAM 000038
___ftsub@f2                 cstackCOMRAM 00003B
___fttol                    text16       00684A
___fttol@exp1               cstackCOMRAM 000037
___fttol@f1                 cstackCOMRAM 000029
___fttol@lval               cstackCOMRAM 000033
___fttol@sign1              cstackCOMRAM 000032
___inthi_sp                 stack        000000
___intlo_sp                 stack        000000
___lldiv                    text15       006696
___lldiv@counter            cstackCOMRAM 00000D
___lldiv@dividend           cstackCOMRAM 000001
___lldiv@divisor            cstackCOMRAM 000005
___lldiv@quotient           cstackCOMRAM 000009
___llmod                    text14       00654C
___llmod@counter            cstackCOMRAM 000009
___llmod@dividend           cstackCOMRAM 000001
___llmod@divisor            cstackCOMRAM 000005
___lltoft                   text13       0064F0
___lltoft@c                 cstackCOMRAM 000009
___lltoft@exp               cstackCOMRAM 000011
___lwdiv                    text9        006446
___lwdiv@counter            cstackCOMRAM 00000C
___lwdiv@dividend           cstackCOMRAM 000006
___lwdiv@divisor            cstackCOMRAM 000008
___lwdiv@quotient           cstackCOMRAM 00000A
___lwmod                    text8        006404
___lwmod@counter            cstackCOMRAM 000005
___lwmod@dividend           cstackCOMRAM 000001
___lwmod@divisor            cstackCOMRAM 000003
___lwtoft                   text34       006208
___lwtoft@c                 cstackCOMRAM 000009
___param_bank               (abs)        000000
___rparam_used              (abs)        000001
___sp                       stack        000000
___wmul                     text7        006250
___wmul@multiplicand        cstackCOMRAM 00000F
___wmul@multiplier          cstackCOMRAM 00000D
___wmul@product             cstackCOMRAM 000011
__accesstop                 (abs)        000060
__activetblptr              (abs)        000002
__div_to_l_                 text12       006A02
__div_to_l_@cntr            cstackCOMRAM 00000B
__div_to_l_@exp1            cstackCOMRAM 00000C
__div_to_l_@f1              cstackCOMRAM 000001
__div_to_l_@f2              cstackCOMRAM 000004
__div_to_l_@quot            cstackCOMRAM 000007
__end_of_BusyXLCD           text31       006348
__end_of_DelayFor18TCY      text32       006174
__end_of_DelayPORXLCD       text29       006198
__end_of_OpenXLCD           text26       006CE4
__end_of_SetDDRamAddr       text28       0064F0
__end_of_WriteCmdXLCD       text27       006386
__end_of_WriteDataXLCD      text23       0063C4
__end_of___awdiv            text4        00679C
__end_of___awmod            text3        006622
__end_of___ftadd            text18       006F8A
__end_of___ftdiv            text35       006A02
__end_of___ftge             text20       006696
__end_of___ftmul            text10       006BEA
__end_of___ftneg            text19       006250
__end_of___ftpack           text36       00684A
__end_of___ftsub            text17       006404
__end_of___fttol            text16       00691C
__end_of___lldiv            text15       006718
__end_of___llmod            text14       0065B2
__end_of___lltoft           text13       00654C
__end_of___lwdiv            text9        006498
__end_of___lwmod            text8        006446
__end_of___lwtoft           text34       00622C
__end_of___wmul             text7        006276
__end_of__div_to_l_         text12       006AF6
__end_of__initialization    cinit        0061A4
__end_of__npowers_          smallconst   001053
__end_of__powers_           smallconst   00102C
__end_of__tdiv_to_l_        text11       006DE2
__end_of_conversionADC      text33       006208
__end_of_delay_ms           text30       00630E
__end_of_dpowers            smallconst   00107B
__end_of_fround             text6        0071E8
__end_of_inicializacionLCD  text25       0061C8
__end_of_initADC            text24       006182
__end_of_isdigit            text5        0061E6
__end_of_main               text0        0078F8
__end_of_putrsXLCD          text22       0062D8
__end_of_putsXLCD           text21       0062A4
__end_of_scale              text2        007550
__end_of_sprintf            text1        008000
__initialization            cinit        006198
__mediumconst               mediumconst  000000
__npowers_                  smallconst   00102C
__pbssBANK0                 bssBANK0     0000A9
__pcinit                    cinit        006198
__pcstackBANK0              cstackBANK0  000060
__pcstackCOMRAM             cstackCOMRAM 000001
__powers_                   smallconst   001005
__psmallconst               smallconst   001004
__ptext0                    text0        007550
__ptext1                    text1        0078F8
__ptext10                   text10       006AF6
__ptext11                   text11       006CE4
__ptext12                   text12       006A02
__ptext13                   text13       0064F0
__ptext14                   text14       00654C
__ptext15                   text15       006696
__ptext16                   text16       00684A
__ptext17                   text17       0063C4
__ptext18                   text18       006DE2
__ptext19                   text19       00622C
__ptext2                    text2        0071E8
__ptext20                   text20       006622
__ptext21                   text21       006276
__ptext22                   text22       0062A4
__ptext23                   text23       006386
__ptext24                   text24       006174
__ptext25                   text25       0061AE
__ptext26                   text26       006BEA
__ptext27                   text27       006348
__ptext28                   text28       006498
__ptext29                   text29       006182
__ptext3                    text3        0065B2
__ptext30                   text30       0062D8
__ptext31                   text31       00630E
__ptext32                   text32       00616C
__ptext33                   text33       0061E6
__ptext34                   text34       006208
__ptext35                   text35       00691C
__ptext36                   text36       00679C
__ptext4                    text4        006718
__ptext5                    text5        0061C8
__ptext6                    text6        006F8A
__ptext7                    text7        006250
__ptext8                    text8        006404
__ptext9                    text9        006446
__ramtop                    ramtop       000800
__size_of_BusyXLCD          (abs)        000000
__size_of_DelayFor18TCY     (abs)        000000
__size_of_DelayPORXLCD      (abs)        000000
__size_of_OpenXLCD          (abs)        000000
__size_of_SetDDRamAddr      (abs)        000000
__size_of_WriteCmdXLCD      (abs)        000000
__size_of_WriteDataXLCD     (abs)        000000
__size_of___awdiv           (abs)        000000
__size_of___awmod           (abs)        000000
__size_of___ftadd           (abs)        000000
__size_of___ftdiv           (abs)        000000
__size_of___ftge            (abs)        000000
__size_of___ftmul           (abs)        000000
__size_of___ftneg           (abs)        000000
__size_of___ftpack          (abs)        000000
__size_of___ftsub           (abs)        000000
__size_of___fttol           (abs)        000000
__size_of___lldiv           (abs)        000000
__size_of___llmod           (abs)        000000
__size_of___lltoft          (abs)        000000
__size_of___lwdiv           (abs)        000000
__size_of___lwmod           (abs)        000000
__size_of___lwtoft          (abs)        000000
__size_of___wmul            (abs)        000000
__size_of__div_to_l_        (abs)        000000
__size_of__tdiv_to_l_       (abs)        000000
__size_of_conversionADC     (abs)        000000
__size_of_delay_ms          (abs)        000000
__size_of_fround            (abs)        000000
__size_of_inicializacionLCD (abs)        000000
__size_of_initADC           (abs)        000000
__size_of_isdigit           (abs)        000000
__size_of_main              (abs)        000000
__size_of_putrsXLCD         (abs)        000000
__size_of_putsXLCD          (abs)        000000
__size_of_scale             (abs)        000000
__size_of_sprintf           (abs)        000000
__smallconst                smallconst   001004
__tdiv_to_l_                text11       006CE4
__tdiv_to_l_@cntr           cstackCOMRAM 00000E
__tdiv_to_l_@exp1           cstackCOMRAM 00000F
__tdiv_to_l_@f1             cstackCOMRAM 000001
__tdiv_to_l_@f2             cstackCOMRAM 000004
__tdiv_to_l_@quot           cstackCOMRAM 00000A
_conversionADC              text33       0061E6
_delay_ms                   text30       0062D8
_dpowers                    smallconst   001053
_fround                     text6        006F8A
_fround$1072                cstackCOMRAM 000028
_fround$1073                cstackCOMRAM 000025
_inicializacionLCD          text25       0061AE
_initADC                    text24       006174
_isdigit                    text5        0061C8
_isdigit$860                cstackCOMRAM 000002
_main                       text0        007550
_main$1058                  cstackBANK0  00007A
_main$1059                  cstackBANK0  00007D
_main$1060                  cstackBANK0  000080
_main$1061                  cstackBANK0  000083
_main$1062                  cstackBANK0  000086
_main$1063                  cstackBANK0  000089
_main$1064                  cstackBANK0  00008C
_main$1065                  cstackBANK0  00008F
_main$1066                  cstackBANK0  000092
_main$1067                  cstackBANK0  000095
_main$1068                  cstackBANK0  000098
_main$1069                  cstackBANK0  00009B
_main$1070                  cstackBANK0  00009E
_main$1071                  cstackBANK0  0000A1
_putrsXLCD                  text22       0062A4
_putsXLCD                   text21       006276
_scale                      text2        0071E8
_scale$1074                 cstackCOMRAM 000025
_sprintf                    text1        0078F8
_sprintf$1075               cstackBANK0  000060
_strResultado               bssBANK0     0000A9
conversionADC@resultado     cstackCOMRAM 000005
delay_ms@n                  cstackCOMRAM 000001
end_of_initialization       cinit        0061A4
fround@prec                 cstackCOMRAM 00002B
intlevel0                   text         000000
intlevel1                   text         000000
intlevel2                   text         000000
intlevel3                   text         000000
isdigit@c                   cstackCOMRAM 000003
main@Dis                    cstackBANK0  000077
main@Radc                   cstackBANK0  0000A4
main@Vadc                   cstackBANK0  0000A6
putrsXLCD@buffer            cstackCOMRAM 000002
putsXLCD@buffer             cstackCOMRAM 000002
scale@scl                   cstackCOMRAM 000028
sprintf@ap                  cstackBANK0  000063
sprintf@c                   cstackBANK0  000076
sprintf@eexp                cstackBANK0  00006B
sprintf@f                   cstackCOMRAM 000040
sprintf@flag                cstackBANK0  000065
sprintf@fval                cstackBANK0  000073
sprintf@prec                cstackBANK0  000071
sprintf@sp                  cstackCOMRAM 00003E
sprintf@tmpval              cstackBANK0  00006D
sprintf@val                 cstackBANK0  000067
stackhi                     (abs)        0007FF
stacklo                     (abs)        0000AE
start                       init         001000
start_initialization        cinit        006198


FUNCTION INFORMATION:

 *************** function _main *****************
 Defined at:
		line 14 in file "main.c"
 Parameters:    Size  Location     Type
		None
 Auto vars:     Size  Location     Type
  DisI            4    0        unsigned long 
  Vadc            3   70[BANK0 ] unsigned long 
  Dis             3   23[BANK0 ] unsigned long 
  Radc            2   68[BANK0 ] unsigned int 
 Return value:  Size  Location     Type
                  1    wreg      void 
 Registers used:
		wreg, fsr2l, fsr2h, status,2, status,0, tblptrl, tblptrh, tblptru, prodl, prodh, cstack
 Tracked objects:
		On entry : 
		On exit  : 
		Unchanged: 
 Data sizes:     COMRAM   BANK0   BANK1   BANK2   BANK3   BANK4   BANK5   BANK6   BANK7
      Params:         0       0       0       0       0       0       0       0       0
      Locals:         0      50       0       0       0       0       0       0       0
      Temps:          0       0       0       0       0       0       0       0       0
      Totals:         0      50       0       0       0       0       0       0       0
Total ram usage:       50 bytes
 Hardware stack levels required when called:    4
 This function calls:
		_WriteCmdXLCD
		___ftadd
		___ftdiv
		___ftmul
		___ftsub
		___lwtoft
		_conversionADC
		_delay_ms
		_inicializacionLCD
		_initADC
		_putrsXLCD
		_putsXLCD
		_sprintf
 This function is called by:
		Startup code after reset
 This function uses a non-reentrant model


 *************** function _sprintf *****************
 Defined at:
		line 505 in file "C:\Program Files (x86)\Microchip\xc8\v2.10\pic\sources\c90\common\doprnt.c"
 Parameters:    Size  Location     Type
  sp              2   61[COMRAM] PTR unsigned char 
		 -> strResultado(5), 
  f               2   63[COMRAM] PTR const unsigned char 
		 -> STR_2(8), 
 Auto vars:     Size  Location     Type
  tmpval          4   13[BANK0 ] struct .
  val             4    7[BANK0 ] unsigned long 
  fval            3   19[BANK0 ] unsigned long 
  cp              3    0        PTR const unsigned char 
  prec            2   17[BANK0 ] int 
  eexp            2   11[BANK0 ] int 
  flag            2    5[BANK0 ] unsigned short 
  ap              2    3[BANK0 ] PTR void [1]
		 -> ?_sprintf(2), 
  len             2    0        unsigned int 
  width           2    0        int 
  c               1   22[BANK0 ] unsigned char 
  d               1    0        unsigned char 
 Return value:  Size  Location     Type
                  2   61[COMRAM] int 
 Registers used:
		wreg, fsr2l, fsr2h, status,2, status,0, tblptrl, tblptrh, tblptru, prodl, prodh, cstack
 Tracked objects:
		On entry : 
		On exit  : 
		Unchanged: 
 Data sizes:     COMRAM   BANK0   BANK1   BANK2   BANK3   BANK4   BANK5   BANK6   BANK7
      Params:         7       0       0       0       0       0       0       0       0
      Locals:         0      23       0       0       0       0       0       0       0
      Temps:          6       0       0       0       0       0       0       0       0
      Totals:        13      23       0       0       0       0       0       0       0
Total ram usage:       36 bytes
 Hardware stack levels used:    1
 Hardware stack levels required when called:    3
 This function calls:
		___awdiv
		___ftadd
		___ftge
		___ftmul
		___ftneg
		___ftsub
		___fttol
		___lldiv
		___llmod
		___lltoft
		___wmul
		__div_to_l_
		__tdiv_to_l_
		_fround
		_isdigit
		_scale
 This function is called by:
		_main
 This function uses a non-reentrant model


 *************** function _scale *****************
 Defined at:
		line 433 in file "C:\Program Files (x86)\Microchip\xc8\v2.10\pic\sources\c90\common\doprnt.c"
 Parameters:    Size  Location     Type
  scl             1    wreg     char 
 Auto vars:     Size  Location     Type
  scl             1   39[COMRAM] char 
 Return value:  Size  Location     Type
                  3   33[COMRAM] char 
 Registers used:
		wreg, status,2, status,0, tblptrl, tblptrh, tblptru, prodl, prodh, cstack
 Tracked objects:
		On entry : 
		On exit  : 
		Unchanged: 
 Data sizes:     COMRAM   BANK0   BANK1   BANK2   BANK3   BANK4   BANK5   BANK6   BANK7
      Params:         3       0       0       0       0       0       0       0       0
      Locals:         4       0       0       0       0       0       0       0       0
      Temps:          0       0       0       0       0       0       0       0       0
      Totals:         7       0       0       0       0       0       0       0       0
Total ram usage:        7 bytes
 Hardware stack levels used:    1
 Hardware stack levels required when called:    2
 This function calls:
		___awdiv
		___awmod
		___ftmul
 This function is called by:
		_sprintf
 This function uses a non-reentrant model


 *************** function ___awmod *****************
 Defined at:
		line 7 in file "C:\Program Files (x86)\Microchip\xc8\v2.10\pic\sources\c90\common\awmod.c"
 Parameters:    Size  Location     Type
  dividend        2    0[COMRAM] int 
  divisor         2    2[COMRAM] int 
 Auto vars:     Size  Location     Type
  sign            1    5[COMRAM] unsigned char 
  counter         1    4[COMRAM] unsigned char 
 Return value:  Size  Location     Type
                  2    0[COMRAM] int 
 Registers used:
		wreg, status,2, status,0
 Tracked objects:
		On entry : 
		On exit  : 
		Unchanged: 
 Data sizes:     COMRAM   BANK0   BANK1   BANK2   BANK3   BANK4   BANK5   BANK6   BANK7
      Params:         4       0       0       0       0       0       0       0       0
      Locals:         2       0       0       0       0       0       0       0       0
      Temps:          0       0       0       0       0       0       0       0       0
      Totals:         6       0       0       0       0       0       0       0       0
Total ram usage:        6 bytes
 Hardware stack levels used:    1
 This function calls:
		Nothing
 This function is called by:
		_scale
 This function uses a non-reentrant model


 *************** function ___awdiv *****************
 Defined at:
		line 7 in file "C:\Program Files (x86)\Microchip\xc8\v2.10\pic\sources\c90\common\awdiv.c"
 Parameters:    Size  Location     Type
  dividend        2    6[COMRAM] int 
  divisor         2    8[COMRAM] int 
 Auto vars:     Size  Location     Type
  quotient        2   12[COMRAM] int 
  sign            1   11[COMRAM] unsigned char 
  counter         1   10[COMRAM] unsigned char 
 Return value:  Size  Location     Type
                  2    6[COMRAM] int 
 Registers used:
		wreg, status,2, status,0
 Tracked objects:
		On entry : 
		On exit  : 
		Unchanged: 
 Data sizes:     COMRAM   BANK0   BANK1   BANK2   BANK3   BANK4   BANK5   BANK6   BANK7
      Params:         4       0       0       0       0       0       0       0       0
      Locals:         4       0       0       0       0       0       0       0       0
      Temps:          0       0       0       0       0       0       0       0       0
      Totals:         8       0       0       0       0       0       0       0       0
Total ram usage:        8 bytes
 Hardware stack levels used:    1
 This function calls:
		Nothing
 This function is called by:
		_scale
		_sprintf
 This function uses a non-reentrant model


 *************** function _isdigit *****************
 Defined at:
		line 8 in file "C:\Program Files (x86)\Microchip\xc8\v2.10\pic\sources\c90\common\isdigit.c"
 Parameters:    Size  Location     Type
  c               1    wreg     unsigned char 
 Auto vars:     Size  Location     Type
  c               1    2[COMRAM] unsigned char 
 Return value:  Size  Location     Type
		None               void
 Registers used:
		wreg, status,2, status,0
 Tracked objects:
		On entry : 
		On exit  : 
		Unchanged: 
 Data sizes:     COMRAM   BANK0   BANK1   BANK2   BANK3   BANK4   BANK5   BANK6   BANK7
      Params:         0       0       0       0       0       0       0       0       0
      Locals:         2       0       0       0       0       0       0       0       0
      Temps:          1       0       0       0       0       0       0       0       0
      Totals:         3       0       0       0       0       0       0       0       0
Total ram usage:        3 bytes
 Hardware stack levels used:    1
 This function calls:
		Nothing
 This function is called by:
		_sprintf
 This function uses a non-reentrant model


 *************** function _fround *****************
 Defined at:
		line 417 in file "C:\Program Files (x86)\Microchip\xc8\v2.10\pic\sources\c90\common\doprnt.c"
 Parameters:    Size  Location     Type
  prec            1    wreg     unsigned char 
 Auto vars:     Size  Location     Type
  prec            1   42[COMRAM] unsigned char 
 Return value:  Size  Location     Type
                  3   33[COMRAM] unsigned char 
 Registers used:
		wreg, status,2, status,0, tblptrl, tblptrh, tblptru, prodl, prodh, cstack
 Tracked objects:
		On entry : 
		On exit  : 
		Unchanged: 
 Data sizes:     COMRAM   BANK0   BANK1   BANK2   BANK3   BANK4   BANK5   BANK6   BANK7
      Params:         3       0       0       0       0       0       0       0       0
      Locals:         7       0       0       0       0       0       0       0       0
      Temps:          0       0       0       0       0       0       0       0       0
      Totals:        10       0       0       0       0       0       0       0       0
Total ram usage:       10 bytes
 Hardware stack levels used:    1
 Hardware stack levels required when called:    2
 This function calls:
		___ftmul
		___lwdiv
		___lwmod
		___wmul
 This function is called by:
		_sprintf
 This function uses a non-reentrant model


 *************** function ___wmul *****************
 Defined at:
		line 15 in file "C:\Program Files (x86)\Microchip\xc8\v2.10\pic\sources\c90\common\Umul16.c"
 Parameters:    Size  Location     Type
  multiplier      2   12[COMRAM] unsigned int 
  multiplicand    2   14[COMRAM] unsigned int 
 Auto vars:     Size  Location     Type
  product         2   16[COMRAM] unsigned int 
 Return value:  Size  Location     Type
                  2   12[COMRAM] unsigned int 
 Registers used:
		wreg, status,2, status,0, prodl, prodh
 Tracked objects:
		On entry : 
		On exit  : 
		Unchanged: 
 Data sizes:     COMRAM   BANK0   BANK1   BANK2   BANK3   BANK4   BANK5   BANK6   BANK7
      Params:         4       0       0       0       0       0       0       0       0
      Locals:         2       0       0       0       0       0       0       0       0
      Temps:          0       0       0       0       0       0       0       0       0
      Totals:         6       0       0       0       0       0       0       0       0
Total ram usage:        6 bytes
 Hardware stack levels used:    1
 This function calls:
		Nothing
 This function is called by:
		_fround
		_sprintf
 This function uses a non-reentrant model


 *************** function ___lwmod *****************
 Defined at:
		line 7 in file "C:\Program Files (x86)\Microchip\xc8\v2.10\pic\sources\c90\common\lwmod.c"
 Parameters:    Size  Location     Type
  dividend        2    0[COMRAM] unsigned int 
  divisor         2    2[COMRAM] unsigned int 
 Auto vars:     Size  Location     Type
  counter         1    4[COMRAM] unsigned char 
 Return value:  Size  Location     Type
                  2    0[COMRAM] unsigned int 
 Registers used:
		wreg, status,2, status,0
 Tracked objects:
		On entry : 
		On exit  : 
		Unchanged: 
 Data sizes:     COMRAM   BANK0   BANK1   BANK2   BANK3   BANK4   BANK5   BANK6   BANK7
      Params:         4       0       0       0       0       0       0       0       0
      Locals:         1       0       0       0       0       0       0       0       0
      Temps:          0       0       0       0       0       0       0       0       0
      Totals:         5       0       0       0       0       0       0       0       0
Total ram usage:        5 bytes
 Hardware stack levels used:    1
 This function calls:
		Nothing
 This function is called by:
		_fround
 This function uses a non-reentrant model


 *************** function ___lwdiv *****************
 Defined at:
		line 7 in file "C:\Program Files (x86)\Microchip\xc8\v2.10\pic\sources\c90\common\lwdiv.c"
 Parameters:    Size  Location     Type
  dividend        2    5[COMRAM] unsigned int 
  divisor         2    7[COMRAM] unsigned int 
 Auto vars:     Size  Location     Type
  quotient        2    9[COMRAM] unsigned int 
  counter         1   11[COMRAM] unsigned char 
 Return value:  Size  Location     Type
                  2    5[COMRAM] unsigned int 
 Registers used:
		wreg, status,2, status,0
 Tracked objects:
		On entry : 
		On exit  : 
		Unchanged: 
 Data sizes:     COMRAM   BANK0   BANK1   BANK2   BANK3   BANK4   BANK5   BANK6   BANK7
      Params:         4       0       0       0       0       0       0       0       0
      Locals:         3       0       0       0       0       0       0       0       0
      Temps:          0       0       0       0       0       0       0       0       0
      Totals:         7       0       0       0       0       0       0       0       0
Total ram usage:        7 bytes
 Hardware stack levels used:    1
 This function calls:
		Nothing
 This function is called by:
		_fround
 This function uses a non-reentrant model


 *************** function ___ftmul *****************
 Defined at:
		line 62 in file "C:\Program Files (x86)\Microchip\xc8\v2.10\pic\sources\c90\common\ftmul.c"
 Parameters:    Size  Location     Type
  f1              3   18[COMRAM] float 
  f2              3   21[COMRAM] float 
 Auto vars:     Size  Location     Type
  f3_as_produc    3   28[COMRAM] unsigned um
  sign            1   32[COMRAM] unsigned char 
  cntr            1   31[COMRAM] unsigned char 
  exp             1   27[COMRAM] unsigned char 
 Return value:  Size  Location     Type
                  3   18[COMRAM] float 
 Registers used:
		wreg, status,2, status,0, cstack
 Tracked objects:
		On entry : 
		On exit  : 
		Unchanged: 
 Data sizes:     COMRAM   BANK0   BANK1   BANK2   BANK3   BANK4   BANK5   BANK6   BANK7
      Params:         6       0       0       0       0       0       0       0       0
      Locals:         6       0       0       0       0       0       0       0       0
      Temps:          3       0       0       0       0       0       0       0       0
      Totals:        15       0       0       0       0       0       0       0       0
Total ram usage:       15 bytes
 Hardware stack levels used:    1
 Hardware stack levels required when called:    1
 This function calls:
		___ftpack
 This function is called by:
		_main
		_fround
		_scale
		_sprintf
 This function uses a non-reentrant model


 *************** function __tdiv_to_l_ *****************
 Defined at:
		line 60 in file "C:\Program Files (x86)\Microchip\xc8\v2.10\pic\sources\c90\common\ftdivl.c"
 Parameters:    Size  Location     Type
  f1              3    0[COMRAM] float 
  f2              3    3[COMRAM] float 
 Auto vars:     Size  Location     Type
  quot            4    9[COMRAM] unsigned long 
  exp1            1   14[COMRAM] unsigned char 
  cntr            1   13[COMRAM] unsigned char 
 Return value:  Size  Location     Type
                  4    0[COMRAM] unsigned long 
 Registers used:
		wreg, status,2, status,0
 Tracked objects:
		On entry : 
		On exit  : 
		Unchanged: 
 Data sizes:     COMRAM   BANK0   BANK1   BANK2   BANK3   BANK4   BANK5   BANK6   BANK7
      Params:         6       0       0       0       0       0       0       0       0
      Locals:         6       0       0       0       0       0       0       0       0
      Temps:          3       0       0       0       0       0       0       0       0
      Totals:        15       0       0       0       0       0       0       0       0
Total ram usage:       15 bytes
 Hardware stack levels used:    1
 This function calls:
		Nothing
 This function is called by:
		_sprintf
 This function uses a non-reentrant model


 *************** function __div_to_l_ *****************
 Defined at:
		line 60 in file "C:\Program Files (x86)\Microchip\xc8\v2.10\pic\sources\c90\common\fldivl.c"
 Parameters:    Size  Location     Type
  f1              3    0[COMRAM] unsigned long 
  f2              3    3[COMRAM] unsigned long 
 Auto vars:     Size  Location     Type
  quot            4    6[COMRAM] unsigned long 
  exp1            1   11[COMRAM] unsigned char 
  cntr            1   10[COMRAM] unsigned char 
 Return value:  Size  Location     Type
                  4    0[COMRAM] unsigned long 
 Registers used:
		wreg, status,2, status,0
 Tracked objects:
		On entry : 
		On exit  : 
		Unchanged: 
 Data sizes:     COMRAM   BANK0   BANK1   BANK2   BANK3   BANK4   BANK5   BANK6   BANK7
      Params:         6       0       0       0       0       0       0       0       0
      Locals:         6       0       0       0       0       0       0       0       0
      Temps:          0       0       0       0       0       0       0       0       0
      Totals:        12       0       0       0       0       0       0       0       0
Total ram usage:       12 bytes
 Hardware stack levels used:    1
 This function calls:
		Nothing
 This function is called by:
		_sprintf
 This function uses a non-reentrant model


 *************** function ___lltoft *****************
 Defined at:
		line 35 in file "C:\Program Files (x86)\Microchip\xc8\v2.10\pic\sources\c90\common\lltoft.c"
 Parameters:    Size  Location     Type
  c               4    8[COMRAM] unsigned long 
 Auto vars:     Size  Location     Type
  exp             1   16[COMRAM] unsigned char 
 Return value:  Size  Location     Type
                  3    8[COMRAM] float 
 Registers used:
		wreg, status,2, status,0, cstack
 Tracked objects:
		On entry : 
		On exit  : 
		Unchanged: 
 Data sizes:     COMRAM   BANK0   BANK1   BANK2   BANK3   BANK4   BANK5   BANK6   BANK7
      Params:         4       0       0       0       0       0       0       0       0
      Locals:         1       0       0       0       0       0       0       0       0
      Temps:          4       0       0       0       0       0       0       0       0
      Totals:         9       0       0       0       0       0       0       0       0
Total ram usage:        9 bytes
 Hardware stack levels used:    1
 Hardware stack levels required when called:    1
 This function calls:
		___ftpack
 This function is called by:
		_sprintf
 This function uses a non-reentrant model


 *************** function ___llmod *****************
 Defined at:
		line 7 in file "C:\Program Files (x86)\Microchip\xc8\v2.10\pic\sources\c90\common\llmod.c"
 Parameters:    Size  Location     Type
  dividend        4    0[COMRAM] unsigned long 
  divisor         4    4[COMRAM] unsigned long 
 Auto vars:     Size  Location     Type
  counter         1    8[COMRAM] unsigned char 
 Return value:  Size  Location     Type
                  4    0[COMRAM] unsigned long 
 Registers used:
		wreg, status,2, status,0
 Tracked objects:
		On entry : 
		On exit  : 
		Unchanged: 
 Data sizes:     COMRAM   BANK0   BANK1   BANK2   BANK3   BANK4   BANK5   BANK6   BANK7
      Params:         8       0       0       0       0       0       0       0       0
      Locals:         1       0       0       0       0       0       0       0       0
      Temps:          0       0       0       0       0       0       0       0       0
      Totals:         9       0       0       0       0       0       0       0       0
Total ram usage:        9 bytes
 Hardware stack levels used:    1
 This function calls:
		Nothing
 This function is called by:
		_sprintf
 This function uses a non-reentrant model


 *************** function ___lldiv *****************
 Defined at:
		line 7 in file "C:\Program Files (x86)\Microchip\xc8\v2.10\pic\sources\c90\common\__lldiv.c"
 Parameters:    Size  Location     Type
  dividend        4    0[COMRAM] unsigned long 
  divisor         4    4[COMRAM] unsigned long 
 Auto vars:     Size  Location     Type
  quotient        4    8[COMRAM] unsigned long 
  counter         1   12[COMRAM] unsigned char 
 Return value:  Size  Location     Type
                  4    0[COMRAM] unsigned long 
 Registers used:
		wreg, status,2, status,0
 Tracked objects:
		On entry : 
		On exit  : 
		Unchanged: 
 Data sizes:     COMRAM   BANK0   BANK1   BANK2   BANK3   BANK4   BANK5   BANK6   BANK7
      Params:         8       0       0       0       0       0       0       0       0
      Locals:         5       0       0       0       0       0       0       0       0
      Temps:          0       0       0       0       0       0       0       0       0
      Totals:        13       0       0       0       0       0       0       0       0
Total ram usage:       13 bytes
 Hardware stack levels used:    1
 This function calls:
		Nothing
 This function is called by:
		_sprintf
 This function uses a non-reentrant model


 *************** function ___fttol *****************
 Defined at:
		line 44 in file "C:\Program Files (x86)\Microchip\xc8\v2.10\pic\sources\c90\common\fttol.c"
 Parameters:    Size  Location     Type
  f1              3   40[COMRAM] float 
 Auto vars:     Size  Location     Type
  lval            4   50[COMRAM] unsigned long 
  exp1            1   54[COMRAM] unsigned char 
  sign1           1   49[COMRAM] unsigned char 
 Return value:  Size  Location     Type
                  4   40[COMRAM] long 
 Registers used:
		wreg, status,2, status,0
 Tracked objects:
		On entry : 
		On exit  : 
		Unchanged: 
 Data sizes:     COMRAM   BANK0   BANK1   BANK2   BANK3   BANK4   BANK5   BANK6   BANK7
      Params:         4       0       0       0       0       0       0       0       0
      Locals:         6       0       0       0       0       0       0       0       0
      Temps:          5       0       0       0       0       0       0       0       0
      Totals:        15       0       0       0       0       0       0       0       0
Total ram usage:       15 bytes
 Hardware stack levels used:    1
 This function calls:
		Nothing
 This function is called by:
		_sprintf
 This function uses a non-reentrant model


 *************** function ___ftsub *****************
 Defined at:
		line 19 in file "C:\Program Files (x86)\Microchip\xc8\v2.10\pic\sources\c90\common\ftsub.c"
 Parameters:    Size  Location     Type
  f1              3   55[COMRAM] float 
  f2              3   58[COMRAM] float 
 Auto vars:     Size  Location     Type
		None
 Return value:  Size  Location     Type
                  3   55[COMRAM] float 
 Registers used:
		wreg, status,2, status,0, cstack
 Tracked objects:
		On entry : 
		On exit  : 
		Unchanged: 
 Data sizes:     COMRAM   BANK0   BANK1   BANK2   BANK3   BANK4   BANK5   BANK6   BANK7
      Params:         6       0       0       0       0       0       0       0       0
      Locals:         0       0       0       0       0       0       0       0       0
      Temps:          0       0       0       0       0       0       0       0       0
      Totals:         6       0       0       0       0       0       0       0       0
Total ram usage:        6 bytes
 Hardware stack levels used:    1
 Hardware stack levels required when called:    2
 This function calls:
		___ftadd
 This function is called by:
		_main
		_sprintf
 This function uses a non-reentrant model


 *************** function ___ftadd *****************
 Defined at:
		line 86 in file "C:\Program Files (x86)\Microchip\xc8\v2.10\pic\sources\c90\common\ftadd.c"
 Parameters:    Size  Location     Type
  f1              3   43[COMRAM] float 
  f2              3   46[COMRAM] float 
 Auto vars:     Size  Location     Type
  exp1            1   54[COMRAM] unsigned char 
  exp2            1   53[COMRAM] unsigned char 
  sign            1   52[COMRAM] unsigned char 
 Return value:  Size  Location     Type
                  3   43[COMRAM] float 
 Registers used:
		wreg, status,2, status,0, cstack
 Tracked objects:
		On entry : 
		On exit  : 
		Unchanged: 
 Data sizes:     COMRAM   BANK0   BANK1   BANK2   BANK3   BANK4   BANK5   BANK6   BANK7
      Params:         6       0       0       0       0       0       0       0       0
      Locals:         3       0       0       0       0       0       0       0       0
      Temps:          3       0       0       0       0       0       0       0       0
      Totals:        12       0       0       0       0       0       0       0       0
Total ram usage:       12 bytes
 Hardware stack levels used:    1
 Hardware stack levels required when called:    1
 This function calls:
		___ftpack
 This function is called by:
		_main
		_sprintf
		___ftsub
 This function uses a non-reentrant model


 *************** function ___ftneg *****************
 Defined at:
		line 15 in file "C:\Program Files (x86)\Microchip\xc8\v2.10\pic\sources\c90\common\ftneg.c"
 Parameters:    Size  Location     Type
  f1              3    0[COMRAM] float 
 Auto vars:     Size  Location     Type
		None
 Return value:  Size  Location     Type
                  3    0[COMRAM] float 
 Registers used:
		wreg, status,2, status,0
 Tracked objects:
		On entry : 
		On exit  : 
		Unchanged: 
 Data sizes:     COMRAM   BANK0   BANK1   BANK2   BANK3   BANK4   BANK5   BANK6   BANK7
      Params:         3       0       0       0       0       0       0       0       0
      Locals:         0       0       0       0       0       0       0       0       0
      Temps:          0       0       0       0       0       0       0       0       0
      Totals:         3       0       0       0       0       0       0       0       0
Total ram usage:        3 bytes
 Hardware stack levels used:    1
 This function calls:
		Nothing
 This function is called by:
		_sprintf
 This function uses a non-reentrant model


 *************** function ___ftge *****************
 Defined at:
		line 4 in file "C:\Program Files (x86)\Microchip\xc8\v2.10\pic\sources\c90\common\ftge.c"
 Parameters:    Size  Location     Type
  ff1             3    0[COMRAM] float 
  ff2             3    3[COMRAM] float 
 Auto vars:     Size  Location     Type
		None
 Return value:  Size  Location     Type
		None               void
 Registers used:
		wreg, status,2, status,0
 Tracked objects:
		On entry : 
		On exit  : 
		Unchanged: 
 Data sizes:     COMRAM   BANK0   BANK1   BANK2   BANK3   BANK4   BANK5   BANK6   BANK7
      Params:         6       0       0       0       0       0       0       0       0
      Locals:         0       0       0       0       0       0       0       0       0
      Temps:          3       0       0       0       0       0       0       0       0
      Totals:         9       0       0       0       0       0       0       0       0
Total ram usage:        9 bytes
 Hardware stack levels used:    1
 This function calls:
		Nothing
 This function is called by:
		_sprintf
 This function uses a non-reentrant model


 *************** function _putsXLCD *****************
 Defined at:
		line 16 in file "XLCD/putsxlcd.c"
 Parameters:    Size  Location     Type
  buffer          2    1[COMRAM] PTR unsigned char 
		 -> strResultado(5), 
 Auto vars:     Size  Location     Type
		None
 Return value:  Size  Location     Type
                  1    wreg      void 
 Registers used:
		wreg, fsr2l, fsr2h, status,2, status,0, cstack
 Tracked objects:
		On entry : 
		On exit  : 
		Unchanged: 
 Data sizes:     COMRAM   BANK0   BANK1   BANK2   BANK3   BANK4   BANK5   BANK6   BANK7
      Params:         2       0       0       0       0       0       0       0       0
      Locals:         0       0       0       0       0       0       0       0       0
      Temps:          0       0       0       0       0       0       0       0       0
      Totals:         2       0       0       0       0       0       0       0       0
Total ram usage:        2 bytes
 Hardware stack levels used:    1
 Hardware stack levels required when called:    2
 This function calls:
		_BusyXLCD
		_WriteDataXLCD
 This function is called by:
		_main
 This function uses a non-reentrant model


 *************** function _putrsXLCD *****************
 Defined at:
		line 16 in file "XLCD/putrxlcd.c"
 Parameters:    Size  Location     Type
  buffer          2    1[COMRAM] PTR const unsigned char 
		 -> STR_1(15), 
 Auto vars:     Size  Location     Type
		None
 Return value:  Size  Location     Type
                  1    wreg      void 
 Registers used:
		wreg, status,2, status,0, tblptrl, tblptrh, tblptru, cstack
 Tracked objects:
		On entry : 
		On exit  : 
		Unchanged: 
 Data sizes:     COMRAM   BANK0   BANK1   BANK2   BANK3   BANK4   BANK5   BANK6   BANK7
      Params:         2       0       0       0       0       0       0       0       0
      Locals:         0       0       0       0       0       0       0       0       0
      Temps:          0       0       0       0       0       0       0       0       0
      Totals:         2       0       0       0       0       0       0       0       0
Total ram usage:        2 bytes
 Hardware stack levels used:    1
 Hardware stack levels required when called:    2
 This function calls:
		_BusyXLCD
		_WriteDataXLCD
 This function is called by:
		_main
 This function uses a non-reentrant model


 *************** function _WriteDataXLCD *****************
 Defined at:
		line 16 in file "XLCD/writdata.c"
 Parameters:    Size  Location     Type
  data            1    wreg     unsigned char 
 Auto vars:     Size  Location     Type
  data            1    0[COMRAM] unsigned char 
 Return value:  Size  Location     Type
                  1    wreg      void 
 Registers used:
		wreg, status,2, status,0, cstack
 Tracked objects:
		On entry : 
		On exit  : 
		Unchanged: 
 Data sizes:     COMRAM   BANK0   BANK1   BANK2   BANK3   BANK4   BANK5   BANK6   BANK7
      Params:         0       0       0       0       0       0       0       0       0
      Locals:         1       0       0       0       0       0       0       0       0
      Temps:          0       0       0       0       0       0       0       0       0
      Totals:         1       0       0       0       0       0       0       0       0
Total ram usage:        1 bytes
 Hardware stack levels used:    1
 Hardware stack levels required when called:    1
 This function calls:
		_DelayFor18TCY
 This function is called by:
		_putrsXLCD
		_putsXLCD
 This function uses a non-reentrant model


 *************** function _initADC *****************
 Defined at:
		line 47 in file "main.c"
 Parameters:    Size  Location     Type
		None
 Auto vars:     Size  Location     Type
		None
 Return value:  Size  Location     Type
                  1    wreg      void 
 Registers used:
		wreg, status,2
 Tracked objects:
		On entry : 
		On exit  : 
		Unchanged: 
 Data sizes:     COMRAM   BANK0   BANK1   BANK2   BANK3   BANK4   BANK5   BANK6   BANK7
      Params:         0       0       0       0       0       0       0       0       0
      Locals:         0       0       0       0       0       0       0       0       0
      Temps:          0       0       0       0       0       0       0       0       0
      Totals:         0       0       0       0       0       0       0       0       0
Total ram usage:        0 bytes
 Hardware stack levels used:    1
 This function calls:
		Nothing
 This function is called by:
		_main
 This function uses a non-reentrant model


 *************** function _inicializacionLCD *****************
 Defined at:
		line 40 in file "main.c"
 Parameters:    Size  Location     Type
		None
 Auto vars:     Size  Location     Type
		None
 Return value:  Size  Location     Type
                  1    wreg      void 
 Registers used:
		wreg, status,2, status,0, cstack
 Tracked objects:
		On entry : 
		On exit  : 
		Unchanged: 
 Data sizes:     COMRAM   BANK0   BANK1   BANK2   BANK3   BANK4   BANK5   BANK6   BANK7
      Params:         0       0       0       0       0       0       0       0       0
      Locals:         0       0       0       0       0       0       0       0       0
      Temps:          0       0       0       0       0       0       0       0       0
      Totals:         0       0       0       0       0       0       0       0       0
Total ram usage:        0 bytes
 Hardware stack levels used:    1
 Hardware stack levels required when called:    3
 This function calls:
		_OpenXLCD
		_WriteCmdXLCD
 This function is called by:
		_main
 This function uses a non-reentrant model


 *************** function _OpenXLCD *****************
 Defined at:
		line 20 in file "XLCD/openxlcd.c"
 Parameters:    Size  Location     Type
  lcdtype         1    wreg     unsigned char 
 Auto vars:     Size  Location     Type
  lcdtype         1    6[COMRAM] unsigned char 
 Return value:  Size  Location     Type
                  1    wreg      void 
 Registers used:
		wreg, status,2, status,0, cstack
 Tracked objects:
		On entry : 
		On exit  : 
		Unchanged: 
 Data sizes:     COMRAM   BANK0   BANK1   BANK2   BANK3   BANK4   BANK5   BANK6   BANK7
      Params:         0       0       0       0       0       0       0       0       0
      Locals:         1       0       0       0       0       0       0       0       0
      Temps:          1       0       0       0       0       0       0       0       0
      Totals:         2       0       0       0       0       0       0       0       0
Total ram usage:        2 bytes
 Hardware stack levels used:    1
 Hardware stack levels required when called:    2
 This function calls:
		_BusyXLCD
		_DelayPORXLCD
		_SetDDRamAddr
		_WriteCmdXLCD
 This function is called by:
		_inicializacionLCD
 This function uses a non-reentrant model


 *************** function _WriteCmdXLCD *****************
 Defined at:
		line 13 in file "XLCD/wcmdxlcd.c"
 Parameters:    Size  Location     Type
  cmd             1    wreg     unsigned char 
 Auto vars:     Size  Location     Type
  cmd             1    0[COMRAM] unsigned char 
 Return value:  Size  Location     Type
                  1    wreg      void 
 Registers used:
		wreg, status,2, status,0, cstack
 Tracked objects:
		On entry : 
		On exit  : 
		Unchanged: 
 Data sizes:     COMRAM   BANK0   BANK1   BANK2   BANK3   BANK4   BANK5   BANK6   BANK7
      Params:         0       0       0       0       0       0       0       0       0
      Locals:         1       0       0       0       0       0       0       0       0
      Temps:          0       0       0       0       0       0       0       0       0
      Totals:         1       0       0       0       0       0       0       0       0
Total ram usage:        1 bytes
 Hardware stack levels used:    1
 Hardware stack levels required when called:    1
 This function calls:
		_DelayFor18TCY
 This function is called by:
		_OpenXLCD
		_main
		_inicializacionLCD
 This function uses a non-reentrant model


 *************** function _SetDDRamAddr *****************
 Defined at:
		line 13 in file "XLCD/setddram.c"
 Parameters:    Size  Location     Type
  DDaddr          1    wreg     unsigned char 
 Auto vars:     Size  Location     Type
  DDaddr          1    3[COMRAM] unsigned char 
 Return value:  Size  Location     Type
                  1    wreg      void 
 Registers used:
		wreg, status,2, status,0, cstack
 Tracked objects:
		On entry : 
		On exit  : 
		Unchanged: 
 Data sizes:     COMRAM   BANK0   BANK1   BANK2   BANK3   BANK4   BANK5   BANK6   BANK7
      Params:         0       0       0       0       0       0       0       0       0
      Locals:         1       0       0       0       0       0       0       0       0
      Temps:          3       0       0       0       0       0       0       0       0
      Totals:         4       0       0       0       0       0       0       0       0
Total ram usage:        4 bytes
 Hardware stack levels used:    1
 Hardware stack levels required when called:    1
 This function calls:
		_DelayFor18TCY
 This function is called by:
		_OpenXLCD
 This function uses a non-reentrant model


 *************** function _DelayPORXLCD *****************
 Defined at:
		line 66 in file "main.c"
 Parameters:    Size  Location     Type
		None
 Auto vars:     Size  Location     Type
		None
 Return value:  Size  Location     Type
                  1    wreg      void 
 Registers used:
		wreg, status,2, status,0, cstack
 Tracked objects:
		On entry : 
		On exit  : 
		Unchanged: 
 Data sizes:     COMRAM   BANK0   BANK1   BANK2   BANK3   BANK4   BANK5   BANK6   BANK7
      Params:         0       0       0       0       0       0       0       0       0
      Locals:         0       0       0       0       0       0       0       0       0
      Temps:          0       0       0       0       0       0       0       0       0
      Totals:         0       0       0       0       0       0       0       0       0
Total ram usage:        0 bytes
 Hardware stack levels used:    1
 Hardware stack levels required when called:    1
 This function calls:
		_delay_ms
 This function is called by:
		_OpenXLCD
 This function uses a non-reentrant model


 *************** function _delay_ms *****************
 Defined at:
		line 157 in file "Alteri.h"
 Parameters:    Size  Location     Type
  n               4    0[COMRAM] long 
 Auto vars:     Size  Location     Type
		None
 Return value:  Size  Location     Type
                  1    wreg      void 
 Registers used:
		wreg, status,2, status,0
 Tracked objects:
		On entry : 
		On exit  : 
		Unchanged: 
 Data sizes:     COMRAM   BANK0   BANK1   BANK2   BANK3   BANK4   BANK5   BANK6   BANK7
      Params:         4       0       0       0       0       0       0       0       0
      Locals:         0       0       0       0       0       0       0       0       0
      Temps:          1       0       0       0       0       0       0       0       0
      Totals:         5       0       0       0       0       0       0       0       0
Total ram usage:        5 bytes
 Hardware stack levels used:    1
 This function calls:
		Nothing
 This function is called by:
		_main
		_DelayPORXLCD
		_DelayXLCD
 This function uses a non-reentrant model


 *************** function _BusyXLCD *****************
 Defined at:
		line 11 in file "XLCD/busyxlcd.c"
 Parameters:    Size  Location     Type
		None
 Auto vars:     Size  Location     Type
		None
 Return value:  Size  Location     Type
                  1    wreg      unsigned char 
 Registers used:
		wreg, cstack
 Tracked objects:
		On entry : 
		On exit  : 
		Unchanged: 
 Data sizes:     COMRAM   BANK0   BANK1   BANK2   BANK3   BANK4   BANK5   BANK6   BANK7
      Params:         0       0       0       0       0       0       0       0       0
      Locals:         0       0       0       0       0       0       0       0       0
      Temps:          0       0       0       0       0       0       0       0       0
      Totals:         0       0       0       0       0       0       0       0       0
Total ram usage:        0 bytes
 Hardware stack levels used:    1
 Hardware stack levels required when called:    1
 This function calls:
		_DelayFor18TCY
 This function is called by:
		_OpenXLCD
		_putrsXLCD
		_putsXLCD
 This function uses a non-reentrant model


 *************** function _DelayFor18TCY *****************
 Defined at:
		line 63 in file "main.c"
 Parameters:    Size  Location     Type
		None
 Auto vars:     Size  Location     Type
		None
 Return value:  Size  Location     Type
                  1    wreg      void 
 Registers used:
		wreg
 Tracked objects:
		On entry : 
		On exit  : 
		Unchanged: 
 Data sizes:     COMRAM   BANK0   BANK1   BANK2   BANK3   BANK4   BANK5   BANK6   BANK7
      Params:         0       0       0       0       0       0       0       0       0
      Locals:         0       0       0       0       0       0       0       0       0
      Temps:          0       0       0       0       0       0       0       0       0
      Totals:         0       0       0       0       0       0       0       0       0
Total ram usage:        0 bytes
 Hardware stack levels used:    1
 This function calls:
		Nothing
 This function is called by:
		_BusyXLCD
		_SetDDRamAddr
		_WriteCmdXLCD
		_WriteDataXLCD
		_ReadAddrXLCD
		_ReadDataXLCD
		_SetCGRamAddr
 This function uses a non-reentrant model


 *************** function _conversionADC *****************
 Defined at:
		line 54 in file "main.c"
 Parameters:    Size  Location     Type
		None
 Auto vars:     Size  Location     Type
  resultado       2    4[COMRAM] unsigned int 
 Return value:  Size  Location     Type
                  2    0[COMRAM] unsigned int 
 Registers used:
		wreg, status,2, status,0
 Tracked objects:
		On entry : 
		On exit  : 
		Unchanged: 
 Data sizes:     COMRAM   BANK0   BANK1   BANK2   BANK3   BANK4   BANK5   BANK6   BANK7
      Params:         2       0       0       0       0       0       0       0       0
      Locals:         2       0       0       0       0       0       0       0       0
      Temps:          2       0       0       0       0       0       0       0       0
      Totals:         6       0       0       0       0       0       0       0       0
Total ram usage:        6 bytes
 Hardware stack levels used:    1
 This function calls:
		Nothing
 This function is called by:
		_main
 This function uses a non-reentrant model


 *************** function ___lwtoft *****************
 Defined at:
		line 28 in file "C:\Program Files (x86)\Microchip\xc8\v2.10\pic\sources\c90\common\lwtoft.c"
 Parameters:    Size  Location     Type
  c               2    8[COMRAM] unsigned int 
 Auto vars:     Size  Location     Type
		None
 Return value:  Size  Location     Type
                  3    8[COMRAM] float 
 Registers used:
		wreg, status,2, status,0, cstack
 Tracked objects:
		On entry : 
		On exit  : 
		Unchanged: 
 Data sizes:     COMRAM   BANK0   BANK1   BANK2   BANK3   BANK4   BANK5   BANK6   BANK7
      Params:         3       0       0       0       0       0       0       0       0
      Locals:         0       0       0       0       0       0       0       0       0
      Temps:          0       0       0       0       0       0       0       0       0
      Totals:         3       0       0       0       0       0       0       0       0
Total ram usage:        3 bytes
 Hardware stack levels used:    1
 Hardware stack levels required when called:    1
 This function calls:
		___ftpack
 This function is called by:
		_main
 This function uses a non-reentrant model


 *************** function ___ftdiv *****************
 Defined at:
		line 54 in file "C:\Program Files (x86)\Microchip\xc8\v2.10\pic\sources\c90\common\ftdiv.c"
 Parameters:    Size  Location     Type
  f1              3   33[COMRAM] float 
  f2              3   36[COMRAM] float 
 Auto vars:     Size  Location     Type
  f3              3   43[COMRAM] float 
  sign            1   47[COMRAM] unsigned char 
  exp             1   46[COMRAM] unsigned char 
  cntr            1   42[COMRAM] unsigned char 
 Return value:  Size  Location     Type
                  3   33[COMRAM] float 
 Registers used:
		wreg, status,2, status,0, cstack
 Tracked objects:
		On entry : 
		On exit  : 
		Unchanged: 
 Data sizes:     COMRAM   BANK0   BANK1   BANK2   BANK3   BANK4   BANK5   BANK6   BANK7
      Params:         6       0       0       0       0       0       0       0       0
      Locals:         6       0       0       0       0       0       0       0       0
      Temps:          3       0       0       0       0       0       0       0       0
      Totals:        15       0       0       0       0       0       0       0       0
Total ram usage:       15 bytes
 Hardware stack levels used:    1
 Hardware stack levels required when called:    1
 This function calls:
		___ftpack
 This function is called by:
		_main
 This function uses a non-reentrant model


 *************** function ___ftpack *****************
 Defined at:
		line 62 in file "C:\Program Files (x86)\Microchip\xc8\v2.10\pic\sources\c90\common\float.c"
 Parameters:    Size  Location     Type
  arg             3    0[COMRAM] unsigned um
  exp             1    3[COMRAM] unsigned char 
  sign            1    4[COMRAM] unsigned char 
 Auto vars:     Size  Location     Type
		None
 Return value:  Size  Location     Type
                  3    0[COMRAM] float 
 Registers used:
		wreg, status,2, status,0
 Tracked objects:
		On entry : 
		On exit  : 
		Unchanged: 
 Data sizes:     COMRAM   BANK0   BANK1   BANK2   BANK3   BANK4   BANK5   BANK6   BANK7
      Params:         5       0       0       0       0       0       0       0       0
      Locals:         0       0       0       0       0       0       0       0       0
      Temps:          3       0       0       0       0       0       0       0       0
      Totals:         8       0       0       0       0       0       0       0       0
Total ram usage:        8 bytes
 Hardware stack levels used:    1
 This function calls:
		Nothing
 This function is called by:
		___ftadd
		___ftdiv
		___ftmul
		___lltoft
		___lwtoft
 This function uses a non-reentrant model



MODULE INFORMATION

Module		Function		Class		Link	Load	Size
XLCD/setddram.c
		_SetDDRamAddr  		CODE           	6498	0000	89

XLCD/setddram.c estimated size: 89

C:\Program Files (x86)\Microchip\xc8\v2.10\pic\sources\c90\common\ftdiv.c
		___ftdiv       		CODE           	691C	0000	231

C:\Program Files (x86)\Microchip\xc8\v2.10\pic\sources\c90\common\ftdiv.c estimated size: 231

C:\Program Files (x86)\Microchip\xc8\v2.10\pic\sources\c90\common\lwdiv.c
		___lwdiv       		CODE           	6446	0000	83

C:\Program Files (x86)\Microchip\xc8\v2.10\pic\sources\c90\common\lwdiv.c estimated size: 83

C:\Program Files (x86)\Microchip\xc8\v2.10\pic\sources\c90\common\awdiv.c
		___awdiv       		CODE           	6718	0000	133

C:\Program Files (x86)\Microchip\xc8\v2.10\pic\sources\c90\common\awdiv.c estimated size: 133

C:\Program Files (x86)\Microchip\xc8\v2.10\pic\sources\c90\common\ftdivl.c
		__tdiv_to_l_   		CODE           	6CE4	0000	255

C:\Program Files (x86)\Microchip\xc8\v2.10\pic\sources\c90\common\ftdivl.c estimated size: 255

C:\Program Files (x86)\Microchip\xc8\v2.10\pic\sources\c90\common\Umul16.c
		___wmul        		CODE           	6250	0000	39

C:\Program Files (x86)\Microchip\xc8\v2.10\pic\sources\c90\common\Umul16.c estimated size: 39

C:\Program Files (x86)\Microchip\xc8\v2.10\pic\sources\c90\common\fttol.c
		___fttol       		CODE           	684A	0000	211

C:\Program Files (x86)\Microchip\xc8\v2.10\pic\sources\c90\common\fttol.c estimated size: 211

C:\Program Files (x86)\Microchip\xc8\v2.10\pic\sources\c90\common\fldivl.c
		__div_to_l_    		CODE           	6A02	0000	245

C:\Program Files (x86)\Microchip\xc8\v2.10\pic\sources\c90\common\fldivl.c estimated size: 245

XLCD/openxlcd.c
		_OpenXLCD      		CODE           	6BEA	0000	251

XLCD/openxlcd.c estimated size: 251

XLCD/wcmdxlcd.c
		_WriteCmdXLCD  		CODE           	6348	0000	63

XLCD/wcmdxlcd.c estimated size: 63

C:\Program Files (x86)\Microchip\xc8\v2.10\pic\sources\c90\common\ftadd.c
		___ftadd       		CODE           	6DE2	0000	425

C:\Program Files (x86)\Microchip\xc8\v2.10\pic\sources\c90\common\ftadd.c estimated size: 425

XLCD/busyxlcd.c
		_BusyXLCD      		CODE           	630E	0000	59

XLCD/busyxlcd.c estimated size: 59

C:\Program Files (x86)\Microchip\xc8\v2.10\pic\sources\c90\common\__lldiv.c
		___lldiv       		CODE           	6696	0000	131

C:\Program Files (x86)\Microchip\xc8\v2.10\pic\sources\c90\common\__lldiv.c estimated size: 131

Alteri.h
		_delay_ms      		CODE           	62D8	0000	55

Alteri.h estimated size: 55

C:\Program Files (x86)\Microchip\xc8\v2.10\pic\sources\c90\common\ftneg.c
		___ftneg       		CODE           	622C	0000	37

C:\Program Files (x86)\Microchip\xc8\v2.10\pic\sources\c90\common\ftneg.c estimated size: 37

shared
		__powers_      		SMALLCONST     	1005	0000	40
		_dpowers       		SMALLCONST     	1053	0000	41
		__npowers_     		SMALLCONST     	102C	0000	40
		__initialization		CODE           	6198	0000	13

shared estimated size: 134

C:\Program Files (x86)\Microchip\xc8\v2.10\pic\sources\c90\common\ftsub.c
		___ftsub       		CODE           	63C4	0000	65

C:\Program Files (x86)\Microchip\xc8\v2.10\pic\sources\c90\common\ftsub.c estimated size: 65

C:\Program Files (x86)\Microchip\xc8\v2.10\pic\sources\c90\common\lwtoft.c
		___lwtoft      		CODE           	6208	0000	37

C:\Program Files (x86)\Microchip\xc8\v2.10\pic\sources\c90\common\lwtoft.c estimated size: 37

C:\Program Files (x86)\Microchip\xc8\v2.10\pic\sources\c90\common\float.c
		___ftpack      		CODE           	679C	0000	175

C:\Program Files (x86)\Microchip\xc8\v2.10\pic\sources\c90\common\float.c estimated size: 175

C:\Program Files (x86)\Microchip\xc8\v2.10\pic\sources\c90\common\lwmod.c
		___lwmod       		CODE           	6404	0000	67

C:\Program Files (x86)\Microchip\xc8\v2.10\pic\sources\c90\common\lwmod.c estimated size: 67

XLCD/putsxlcd.c
		_putsXLCD      		CODE           	6276	0000	47

XLCD/putsxlcd.c estimated size: 47

XLCD/writdata.c
		_WriteDataXLCD 		CODE           	6386	0000	63

XLCD/writdata.c estimated size: 63

C:\Program Files (x86)\Microchip\xc8\v2.10\pic\sources\c90\common\awmod.c
		___awmod       		CODE           	65B2	0000	113

C:\Program Files (x86)\Microchip\xc8\v2.10\pic\sources\c90\common\awmod.c estimated size: 113

C:\Program Files (x86)\Microchip\xc8\v2.10\pic\sources\c90\common\ftge.c
		___ftge        		CODE           	6622	0000	117

C:\Program Files (x86)\Microchip\xc8\v2.10\pic\sources\c90\common\ftge.c estimated size: 117

C:\Program Files (x86)\Microchip\xc8\v2.10\pic\sources\c90\common\isdigit.c
		_isdigit       		CODE           	61C8	0000	31

C:\Program Files (x86)\Microchip\xc8\v2.10\pic\sources\c90\common\isdigit.c estimated size: 31

C:\Program Files (x86)\Microchip\xc8\v2.10\pic\sources\c90\common\llmod.c
		___llmod       		CODE           	654C	0000	103

C:\Program Files (x86)\Microchip\xc8\v2.10\pic\sources\c90\common\llmod.c estimated size: 103

C:\Program Files (x86)\Microchip\xc8\v2.10\pic\sources\c90\common\doprnt.c
		_scale         		CODE           	71E8	0000	873
		_sprintf       		CODE           	78F8	0000	1801
		_fround        		CODE           	6F8A	0000	607

C:\Program Files (x86)\Microchip\xc8\v2.10\pic\sources\c90\common\doprnt.c estimated size: 3281

main.c
		_conversionADC 		CODE           	61E6	0000	35
		_main          		CODE           	7550	0000	937
		_DelayFor18TCY 		CODE           	616C	0000	9
		_DelayPORXLCD  		CODE           	6182	0000	23
		_initADC       		CODE           	6174	0000	15
		_inicializacionLCD		CODE           	61AE	0000	27

main.c estimated size: 1046

C:\Program Files (x86)\Microchip\xc8\v2.10\pic\sources\c90\common\lltoft.c
		___lltoft      		CODE           	64F0	0000	93

C:\Program Files (x86)\Microchip\xc8\v2.10\pic\sources\c90\common\lltoft.c estimated size: 93

XLCD/putrxlcd.c
		_putrsXLCD     		CODE           	62A4	0000	53

XLCD/putrxlcd.c estimated size: 53

C:\Program Files (x86)\Microchip\xc8\v2.10\pic\sources\c90\common\ftmul.c
		___ftmul       		CODE           	6AF6	0000	245

C:\Program Files (x86)\Microchip\xc8\v2.10\pic\sources\c90\common\ftmul.c estimated size: 245

