Microchip MPLAB XC8 Compiler V2.10 ()

Linker command line:

--edf=C:\Program Files (x86)\Microchip\xc8\v2.10\pic\dat\en_msgs.txt -cs \
  -h+dist/default/production\AlteriADC.X.production.sym \
  --cmf=dist/default/production\AlteriADC.X.production.cmf -z -Q18F4550 \
  -oC:\Users\danie\AppData\Local\Temp\s9dk.2 --defsym=__MPLAB_BUILD=1 \
  -Mdist/default/production/AlteriADC.X.production.map -E1 -ver=XC8 \
  --acfsm=1493 -ASTACK=099h-07FFh -pstack=STACK -ACODE=01000h-07FFFh \
  -ACONST=01000h-07FFFh -ASMALLCONST=01000h-010FFhx112 \
  -AMEDIUMCONST=01000h-07FFFh -ACOMRAM=01h-05Fh -AABS1=00h-07FFh \
  -ABIGRAM=01h-07FFh -ARAM=060h-0FFh,0100h-01FFhx7 -ABANK0=060h-0FFh \
  -ABANK1=0100h-01FFh -ABANK2=0200h-02FFh -ABANK3=0300h-03FFh \
  -ABANK4=0400h-04FFh -ABANK5=0500h-05FFh -ABANK6=0600h-06FFh \
  -ABANK7=0700h-07FFh -ASFR=0F60h-0FFFh \
  -preset_vec=01000h,intcode,intcodelo,powerup,init -pramtop=0800h \
  -psmallconst=SMALLCONST -pmediumconst=MEDIUMCONST -pconst=CONST \
  -AFARRAM=00h-00h -ACONFIG=0300000h-030000Dh -pconfig=CONFIG \
  -AIDLOC=0200000h-0200007h -pidloc=IDLOC -AEEDATA=0F00000h-0F000FFh \
  -peeprom_data=EEDATA \
  -prdata=COMRAM,nvrram=COMRAM,nvbit=COMRAM,rbss=COMRAM,rbit=COMRAM \
  -pfarbss=FARRAM,fardata=FARRAM,nvFARRAM=FARRAM \
  -pintsave_regs=BIGRAM,bigbss=BIGRAM,bigdata=BIGRAM -pbss=RAM \
  -pidata=CODE,irdata=CODE,ibigdata=CODE,ifardata=CODE -prparam=COMRAM \
  C:\Users\danie\AppData\Local\Temp\s9dk.o \
  dist/default/production\AlteriADC.X.production.o 

Object code version is 3.11

Machine type is 18F4550

Call graph: (short form)




                Name                               Link     Load   Length Selector   Space Scale
C:\Users\danie\AppData\Local\Temp\s9dk.o
                init                               1000     1000        4      800       0
                idloc                            200000   200000        8   200000       0
                config                           300000   300000        E   300000       0
dist/default/production\AlteriADC.X.production.o
                smallconst                         1004     1004       18      802       0
                text30                             77CC     77CC      14E     3BE6       0
                text29                             6F42     6F42       2C     37A1       0
                text28                             6EAA     6EAA        E     3755       0
                text27                             6EA2     6EA2        8     3751       0
                text26                             7122     7122       46     3891       0
                text25                             7058     7058       42     382C       0
                text24                             6ECA     6ECA       16     3765       0
                text23                             7256     7256       5A     392B       0
                text22                             6FDC     6FDC       3E     37EE       0
                text21                             76D0     76D0       FC     3B68       0
                text20                             701A     701A       3E     380D       0
                text19                             7168     7168       4A     38B4       0
                text18                             6EF6     6EF6       26     377B       0
                text17                             6EB8     6EB8       12     375C       0
                text16                             709A     709A       44     384D       0
                text15                             6F1C     6F1C       26     378E       0
                text14                             6FA4     6FA4       38     37D2       0
                text13                             71B2     71B2       52     38D9       0
                text12                             791A     791A      190     3C8D       0
                text11                             75E0     75E0       F0     3AF0       0
                text10                             7510     7510       D0     3A88       0
                text9                              6EA0     6EA0        2     3750       0
                text8                              7446     7446       CA     3A23       0
                text7                              70DE     70DE       44     386F       0
                text6                              6F6E     6F6E       36     37B7       0
                text5                              7380     7380       C6     39C0       0
                text4                              7AAA     7AAA      202     3D55       0
                text3                              7CAC     7CAC      354     3E56       0
                text2                              72B0     72B0       62     3958       0
                text1                              7204     7204       52     3902       0
                text0                              7312     7312       6E     3989       0
                cstackCOMRAM                          1        1       5F        1       1
                cstackBANK0                          8D       8D        C       60       1
                bssBANK0                             60       60       2D       60       1
                cinit                              6EE0     6EE0       16     3770       0

TOTAL           Name                               Link     Load   Length     Space
        CLASS   STACK          

        CLASS   CODE           
                init                               1000     1000        4         0
                text30                             77CC     77CC      14E         0
                text29                             6F42     6F42       2C         0
                text28                             6EAA     6EAA        E         0
                text27                             6EA2     6EA2        8         0
                text26                             7122     7122       46         0
                text25                             7058     7058       42         0
                text24                             6ECA     6ECA       16         0
                text23                             7256     7256       5A         0
                text22                             6FDC     6FDC       3E         0
                text21                             76D0     76D0       FC         0
                text20                             701A     701A       3E         0
                text19                             7168     7168       4A         0
                text18                             6EF6     6EF6       26         0
                text17                             6EB8     6EB8       12         0
                text16                             709A     709A       44         0
                text15                             6F1C     6F1C       26         0
                text14                             6FA4     6FA4       38         0
                text13                             71B2     71B2       52         0
                text12                             791A     791A      190         0
                text11                             75E0     75E0       F0         0
                text10                             7510     7510       D0         0
                text9                              6EA0     6EA0        2         0
                text8                              7446     7446       CA         0
                text7                              70DE     70DE       44         0
                text6                              6F6E     6F6E       36         0
                text5                              7380     7380       C6         0
                text4                              7AAA     7AAA      202         0
                text3                              7CAC     7CAC      354         0
                text2                              72B0     72B0       62         0
                text1                              7204     7204       52         0
                text0                              7312     7312       6E         0
                cinit                              6EE0     6EE0       16         0

        CLASS   CONST          

        CLASS   SMALLCONST     
                smallconst                         1004     1004       18         0

        CLASS   MEDIUMCONST    

        CLASS   COMRAM         
                cstackCOMRAM                          1        1       5F         1

        CLASS   ABS1           

        CLASS   BIGRAM         

        CLASS   RAM            

        CLASS   BANK0          
                cstackBANK0                          8D       8D        C         1
                bssBANK0                             60       60       2D         1

        CLASS   BANK1          

        CLASS   BANK2          

        CLASS   BANK3          

        CLASS   BANK4          

        CLASS   BANK5          

        CLASS   BANK6          

        CLASS   BANK7          

        CLASS   SFR            

        CLASS   FARRAM         

        CLASS   CONFIG         
                config                           300000   300000        E         0

        CLASS   IDLOC          
                idloc                            200000   200000        8         0

        CLASS   EEDATA         



SEGMENTS        Name                           Load    Length   Top    Selector   Space  Class

                cstackCOMRAM                   000001  00005F  000060         1       1  COMRAM  
                bssBANK0                       000060  000039  000099        60       1  BANK0   
                reset_vec                      001000  000004  001004       800       0  CODE    
                smallconst                     001004  000018  00101C       802       0  SMALLCON
                text9                          006EA0  000002  006EA2      3750       0  CODE    
                text27                         006EA2  000008  006EAA      3751       0  CODE    
                text28                         006EAA  00000E  006EB8      3755       0  CODE    
                text17                         006EB8  000012  006ECA      375C       0  CODE    
                text24                         006ECA  000016  006EE0      3765       0  CODE    
                cinit                          006EE0  000016  006EF6      3770       0  CODE    
                text18                         006EF6  000026  006F1C      377B       0  CODE    
                text15                         006F1C  000026  006F42      378E       0  CODE    
                text29                         006F42  00002C  006F6E      37A1       0  CODE    
                text6                          006F6E  000036  006FA4      37B7       0  CODE    
                text14                         006FA4  000038  006FDC      37D2       0  CODE    
                text22                         006FDC  00003E  00701A      37EE       0  CODE    
                text20                         00701A  00003E  007058      380D       0  CODE    
                text25                         007058  000042  00709A      382C       0  CODE    
                text16                         00709A  000044  0070DE      384D       0  CODE    
                text7                          0070DE  000044  007122      386F       0  CODE    
                text26                         007122  000046  007168      3891       0  CODE    
                text19                         007168  00004A  0071B2      38B4       0  CODE    
                text13                         0071B2  000052  007204      38D9       0  CODE    
                text1                          007204  000052  007256      3902       0  CODE    
                text23                         007256  00005A  0072B0      392B       0  CODE    
                text2                          0072B0  000062  007312      3958       0  CODE    
                text0                          007312  00006E  007380      3989       0  CODE    
                text5                          007380  0000C6  007446      39C0       0  CODE    
                text8                          007446  0000CA  007510      3A23       0  CODE    
                text10                         007510  0000D0  0075E0      3A88       0  CODE    
                text11                         0075E0  0000F0  0076D0      3AF0       0  CODE    
                text21                         0076D0  0000FC  0077CC      3B68       0  CODE    
                text30                         0077CC  00014E  00791A      3BE6       0  CODE    
                text12                         00791A  000190  007AAA      3C8D       0  CODE    
                text4                          007AAA  000202  007CAC      3D55       0  CODE    
                text3                          007CAC  000354  008000      3E56       0  CODE    
                idloc                          200000  000008  200008    200000       0  IDLOC   
                config                         300000  00000E  30000E    300000       0  CONFIG  


UNUSED ADDRESS RANGES

        Name                Unused          Largest block    Delta
        BANK0            000099-0000FF               67
        BANK1            000100-0001FF              100
        BANK2            000200-0002FF              100
        BANK3            000300-0003FF              100
        BANK4            000400-0004FF              100
        BANK5            000500-0005FF              100
        BANK6            000600-0006FF              100
        BANK7            000700-0007FF              100
        BIGRAM           000099-0007FF              767
        CODE             00101C-006E9F             5E84
        CONST            00101C-006E9F             5E84
        EEDATA           F00000-F000FF              100
        FARRAM           000000-000000                1
        MEDIUMCONST      00101C-006E9F             5E84
        RAM              000099-0007FF              100
        SFR              000F60-000FFF               A0
        SMALLCONST       00101C-006E9F              100
        STACK            000099-0007FF              767

                                  Symbol Table

?___lodiv                cstackCOMRAM 000001
?___lomod                cstackCOMRAM 000001
?___wmul                 cstackCOMRAM 000001
?_atoi                   cstackCOMRAM 000008
?_conversionADC          cstackCOMRAM 000001
?_isdigit                cstackCOMRAM 000001
?_isspace                cstackCOMRAM 000001
?_pad                    cstackCOMRAM 000011
?_sprintf                cstackCOMRAM 00005A
?_strlen                 cstackCOMRAM 000001
?_utoa                   cstackCOMRAM 00001C
?_vfpfcnvrt              cstackCOMRAM 00003C
?_vfprintf               cstackCOMRAM 000052
ChecarLEDs@res           cstackCOMRAM 000001
OpenXLCD@lcdtype         cstackCOMRAM 000007
SetDDRamAddr@DDaddr      cstackCOMRAM 000004
WriteCmdXLCD@cmd         cstackCOMRAM 000001
WriteDataXLCD@data       cstackCOMRAM 000001
_ADCON0                  (abs)        000FC2
_ADCON0bits              (abs)        000FC2
_ADCON1                  (abs)        000FC1
_ADCON2                  (abs)        000FC0
_ADRESH                  (abs)        000FC4
_ADRESL                  (abs)        000FC3
_BusyXLCD                text26       007122
_ChecarLEDs              text30       0077CC
_DelayFor18TCY           text27       006EA2
_DelayPORXLCD            text24       006ECA
_LATA                    (abs)        000F89
_LATAbits                (abs)        000F89
_LATB                    (abs)        000F8A
_LATBbits                (abs)        000F8A
_LATEbits                (abs)        000F8D
_OpenXLCD                text21       0076D0
_PORTD                   (abs)        000F83
_SetDDRamAddr            text23       007256
_TRISA                   (abs)        000F92
_TRISB                   (abs)        000F93
_TRISD                   (abs)        000F95
_TRISEbits               (abs)        000F96
_WriteCmdXLCD            text22       006FDC
_WriteDataXLCD           text20       00701A
__CFG_BOR$ON             (abs)        000000
__CFG_BORV$3             (abs)        000000
__CFG_CP0$OFF            (abs)        000000
__CFG_CP1$OFF            (abs)        000000
__CFG_CPB$OFF            (abs)        000000
__CFG_CPUDIV$OSC1_PLL2   (abs)        000000
__CFG_EBTR0$OFF          (abs)        000000
__CFG_EBTR1$OFF          (abs)        000000
__CFG_EBTRB$OFF          (abs)        000000
__CFG_FCMEN$OFF          (abs)        000000
__CFG_FOSC$HSPLL_HS      (abs)        000000
__CFG_IESO$OFF           (abs)        000000
__CFG_LPT1OSC$OFF        (abs)        000000
__CFG_LVP$OFF            (abs)        000000
__CFG_MCLRE$ON           (abs)        000000
__CFG_PBADEN$OFF         (abs)        000000
__CFG_PLLDIV$5           (abs)        000000
__CFG_PWRT$OFF           (abs)        000000
__CFG_STVREN$ON          (abs)        000000
__CFG_USBDIV$2           (abs)        000000
__CFG_VREGEN$ON          (abs)        000000
__CFG_WDT$OFF            (abs)        000000
__CFG_WDTPS$32768        (abs)        000000
__CFG_WRT0$OFF           (abs)        000000
__CFG_WRT1$OFF           (abs)        000000
__CFG_WRTB$OFF           (abs)        000000
__CFG_WRTC$OFF           (abs)        000000
__CFG_XINST$OFF          (abs)        000000
__HRAM                   (abs)        000000
__Habs1                  abs1         000000
__Hbank0                 bank0        000000
__Hbank1                 bank1        000000
__Hbank2                 bank2        000000
__Hbank3                 bank3        000000
__Hbank4                 bank4        000000
__Hbank5                 bank5        000000
__Hbank6                 bank6        000000
__Hbank7                 bank7        000000
__Hbigbss                bigbss       000000
__Hbigdata               bigdata      000000
__Hbigram                bigram       000000
__Hbss                   bss          000000
__HbssBANK0              bssBANK0     000000
__Hcinit                 cinit        000000
__Hclrtext               clrtext      000000
__Hcomram                comram       000000
__Hconfig                config       30000E
__Hconst                 const        000000
__HcstackBANK0           cstackBANK0  000000
__HcstackCOMRAM          cstackCOMRAM 000000
__Hdata                  data         000000
__Heeprom_data           eeprom_data  000000
__Hfarbss                farbss       000000
__Hfardata               fardata      000000
__Hibigdata              ibigdata     000000
__Hidata                 idata        000000
__Hidloc                 idloc        200008
__Hifardata              ifardata     000000
__Hinit                  init         001004
__Hintcode               intcode      001000
__Hintcode_body          intcode_body 000000
__Hintcodelo             intcodelo    001000
__Hintentry              intentry     000000
__Hintret                intret       000000
__Hintsave_regs          intsave_regs 000000
__Hirdata                irdata       000000
__Hmediumconst           mediumconst  000000
__HnvFARRAM              nvFARRAM     000000
__Hnvbit                 nvbit        000000
__Hnvrram                nvrram       000000
__Hparam                 rparam       000000
__Hpowerup               powerup      001000
__Hram                   ram          000000
__Hramtop                ramtop       000800
__Hrbit                  rbit         000000
__Hrbss                  rbss         000000
__Hrdata                 rdata        000000
__Hreset_vec             reset_vec    001000
__Hrparam                rparam       000000
__Hsfr                   sfr          000000
__Hsmallconst            smallconst   00101C
__Hspace_0               (abs)        30000E
__Hspace_1               (abs)        000099
__Hspace_2               (abs)        000000
__Hstack                 stack        000000
__Hstruct                struct       000000
__Htemp                  temp         000000
__Htext                  text         000000
__Htext0                 text0        000000
__Htext1                 text1        000000
__Htext10                text10       000000
__Htext11                text11       000000
__Htext12                text12       000000
__Htext13                text13       000000
__Htext14                text14       000000
__Htext15                text15       000000
__Htext16                text16       000000
__Htext17                text17       000000
__Htext18                text18       000000
__Htext19                text19       000000
__Htext2                 text2        000000
__Htext20                text20       000000
__Htext21                text21       000000
__Htext22                text22       000000
__Htext23                text23       000000
__Htext24                text24       000000
__Htext25                text25       000000
__Htext26                text26       000000
__Htext27                text27       000000
__Htext28                text28       000000
__Htext29                text29       000000
__Htext3                 text3        000000
__Htext30                text30       000000
__Htext4                 text4        000000
__Htext5                 text5        000000
__Htext6                 text6        000000
__Htext7                 text7        000000
__Htext8                 text8        000000
__Htext9                 text9        000000
__LRAM                   (abs)        000001
__Labs1                  abs1         000000
__Lbank0                 bank0        000000
__Lbank1                 bank1        000000
__Lbank2                 bank2        000000
__Lbank3                 bank3        000000
__Lbank4                 bank4        000000
__Lbank5                 bank5        000000
__Lbank6                 bank6        000000
__Lbank7                 bank7        000000
__Lbigbss                bigbss       000000
__Lbigdata               bigdata      000000
__Lbigram                bigram       000000
__Lbss                   bss          000000
__LbssBANK0              bssBANK0     000000
__Lcinit                 cinit        000000
__Lclrtext               clrtext      000000
__Lcomram                comram       000000
__Lconfig                config       300000
__Lconst                 const        000000
__LcstackBANK0           cstackBANK0  000000
__LcstackCOMRAM          cstackCOMRAM 000000
__Ldata                  data         000000
__Leeprom_data           eeprom_data  000000
__Lfarbss                farbss       000000
__Lfardata               fardata      000000
__Libigdata              ibigdata     000000
__Lidata                 idata        000000
__Lidloc                 idloc        200000
__Lifardata              ifardata     000000
__Linit                  init         001000
__Lintcode               intcode      001000
__Lintcode_body          intcode_body 000000
__Lintcodelo             intcodelo    001000
__Lintentry              intentry     000000
__Lintret                intret       000000
__Lintsave_regs          intsave_regs 000000
__Lirdata                irdata       000000
__Lmediumconst           mediumconst  000000
__LnvFARRAM              nvFARRAM     000000
__Lnvbit                 nvbit        000000
__Lnvrram                nvrram       000000
__Lparam                 rparam       000000
__Lpowerup               powerup      001000
__Lram                   ram          000000
__Lramtop                ramtop       000800
__Lrbit                  rbit         000000
__Lrbss                  rbss         000000
__Lrdata                 rdata        000000
__Lreset_vec             reset_vec    001000
__Lrparam                rparam       000000
__Lsfr                   sfr          000000
__Lsmallconst            smallconst   001004
__Lspace_0               (abs)        000000
__Lspace_1               (abs)        000000
__Lspace_2               (abs)        000000
__Lstack                 stack        000000
__Lstruct                struct       000000
__Ltemp                  temp         000000
__Ltext                  text         000000
__Ltext0                 text0        000000
__Ltext1                 text1        000000
__Ltext10                text10       000000
__Ltext11                text11       000000
__Ltext12                text12       000000
__Ltext13                text13       000000
__Ltext14                text14       000000
__Ltext15                text15       000000
__Ltext16                text16       000000
__Ltext17                text17       000000
__Ltext18                text18       000000
__Ltext19                text19       000000
__Ltext2                 text2        000000
__Ltext20                text20       000000
__Ltext21                text21       000000
__Ltext22                text22       000000
__Ltext23                text23       000000
__Ltext24                text24       000000
__Ltext25                text25       000000
__Ltext26                text26       000000
__Ltext27                text27       000000
__Ltext28                text28       000000
__Ltext29                text29       000000
__Ltext3                 text3        000000
__Ltext30                text30       000000
__Ltext4                 text4        000000
__Ltext5                 text5        000000
__Ltext6                 text6        000000
__Ltext7                 text7        000000
__Ltext8                 text8        000000
__Ltext9                 text9        000000
__S0                     (abs)        30000E
__S1                     (abs)        000099
__S2                     (abs)        000000
___inthi_sp              stack        000000
___intlo_sp              stack        000000
___lodiv                 text11       0075E0
___lodiv@counter         cstackCOMRAM 000019
___lodiv@dividend        cstackCOMRAM 000001
___lodiv@divisor         cstackCOMRAM 000009
___lodiv@quotient        cstackCOMRAM 000011
___lomod                 text10       007510
___lomod@counter         cstackCOMRAM 000011
___lomod@dividend        cstackCOMRAM 000001
___lomod@divisor         cstackCOMRAM 000009
___param_bank            (abs)        000000
___rparam_used           (abs)        000001
___sp                    stack        000000
___wmul                  text15       006F1C
___wmul@multiplicand     cstackCOMRAM 000003
___wmul@multiplier       cstackCOMRAM 000001
___wmul@product          cstackCOMRAM 000005
__accesstop              (abs)        000060
__activetblptr           (abs)        000002
__end_of_BusyXLCD        text26       007168
__end_of_ChecarLEDs      text30       00791A
__end_of_DelayFor18TCY   text27       006EAA
__end_of_DelayPORXLCD    text24       006EE0
__end_of_OpenXLCD        text21       0077CC
__end_of_SetDDRamAddr    text23       0072B0
__end_of_WriteCmdXLCD    text22       00701A
__end_of_WriteDataXLCD   text20       007058
__end_of___lodiv         text11       0076D0
__end_of___lomod         text10       0075E0
__end_of___wmul          text15       006F42
__end_of__initialization cinit        006EEC
__end_of_atoi            text12       007AAA
__end_of_conversionADC   text29       006F6E
__end_of_delay_ms        text25       00709A
__end_of_fputc           text8        007510
__end_of_fputs           text7        007122
__end_of_initADC         text28       006EB8
__end_of_initLCD         text18       006F1C
__end_of_initLED         text17       006ECA
__end_of_isdigit         text14       006FDC
__end_of_isspace         text13       007204
__end_of_main            text0        007380
__end_of_pad             text5        007446
__end_of_putch           text9        006EA2
__end_of_putrsXLCD       text19       0071B2
__end_of_putsXLCD        text16       0070DE
__end_of_sprintf         text1        007256
__end_of_strlen          text6        006FA4
__end_of_utoa            text4        007CAC
__end_of_vfpfcnvrt       text3        008000
__end_of_vfprintf        text2        007312
__initialization         cinit        006EE0
__mediumconst            mediumconst  000000
__pbssBANK0              bssBANK0     000060
__pcinit                 cinit        006EE0
__pcstackBANK0           cstackBANK0  00008D
__pcstackCOMRAM          cstackCOMRAM 000001
__psmallconst            smallconst   001004
__ptext0                 text0        007312
__ptext1                 text1        007204
__ptext10                text10       007510
__ptext11                text11       0075E0
__ptext12                text12       00791A
__ptext13                text13       0071B2
__ptext14                text14       006FA4
__ptext15                text15       006F1C
__ptext16                text16       00709A
__ptext17                text17       006EB8
__ptext18                text18       006EF6
__ptext19                text19       007168
__ptext2                 text2        0072B0
__ptext20                text20       00701A
__ptext21                text21       0076D0
__ptext22                text22       006FDC
__ptext23                text23       007256
__ptext24                text24       006ECA
__ptext25                text25       007058
__ptext26                text26       007122
__ptext27                text27       006EA2
__ptext28                text28       006EAA
__ptext29                text29       006F42
__ptext3                 text3        007CAC
__ptext30                text30       0077CC
__ptext4                 text4        007AAA
__ptext5                 text5        007380
__ptext6                 text6        006F6E
__ptext7                 text7        0070DE
__ptext8                 text8        007446
__ptext9                 text9        006EA0
__ramtop                 ramtop       000800
__size_of_BusyXLCD       (abs)        000000
__size_of_ChecarLEDs     (abs)        000000
__size_of_DelayFor18TCY  (abs)        000000
__size_of_DelayPORXLCD   (abs)        000000
__size_of_OpenXLCD       (abs)        000000
__size_of_SetDDRamAddr   (abs)        000000
__size_of_WriteCmdXLCD   (abs)        000000
__size_of_WriteDataXLCD  (abs)        000000
__size_of___lodiv        (abs)        000000
__size_of___lomod        (abs)        000000
__size_of___wmul         (abs)        000000
__size_of_atoi           (abs)        000000
__size_of_conversionADC  (abs)        000000
__size_of_delay_ms       (abs)        000000
__size_of_fputc          (abs)        000000
__size_of_fputs          (abs)        000000
__size_of_initADC        (abs)        000000
__size_of_initLCD        (abs)        000000
__size_of_initLED        (abs)        000000
__size_of_isdigit        (abs)        000000
__size_of_isspace        (abs)        000000
__size_of_main           (abs)        000000
__size_of_pad            (abs)        000000
__size_of_putch          (abs)        000000
__size_of_putrsXLCD      (abs)        000000
__size_of_putsXLCD       (abs)        000000
__size_of_sprintf        (abs)        000000
__size_of_strlen         (abs)        000000
__size_of_utoa           (abs)        000000
__size_of_vfpfcnvrt      (abs)        000000
__size_of_vfprintf       (abs)        000000
__smallconst             smallconst   001004
_atoi                    text12       00791A
_atoi$978                cstackCOMRAM 000010
_atoi$979                cstackCOMRAM 000014
_atoi$980                cstackCOMRAM 000012
_conversionADC           text29       006F42
_dbuf                    bssBANK0     000068
_delay_ms                text25       007058
_flags                   bssBANK0     000066
_fputc                   text8        007446
_fputs                   text7        0070DE
_initADC                 text28       006EAA
_initLCD                 text18       006EF6
_initLED                 text17       006EB8
_isdigit                 text14       006FA4
_isspace                 text13       0071B2
_isspace$996             cstackCOMRAM 000007
_main                    text0        007312
_nout                    bssBANK0     000060
_pad                     text5        007380
_prec                    bssBANK0     000064
_putch                   text9        006EA0
_putrsXLCD               text19       007168
_putsXLCD                text16       00709A
_sprintf                 text1        007204
_strResultado            bssBANK0     000088
_strlen                  text6        006F6E
_utoa                    text4        007AAA
_vfpfcnvrt               text3        007CAC
_vfpfcnvrt$523           cstackCOMRAM 000050
_vfprintf                text2        0072B0
_width                   bssBANK0     000062
atoi@n                   cstackCOMRAM 000015
atoi@neg                 cstackCOMRAM 00000E
atoi@s                   cstackCOMRAM 000008
conversionADC@resultado  cstackCOMRAM 000005
delay_ms@n               cstackCOMRAM 000001
end_of_initialization    cinit        006EEC
fputc@c                  cstackCOMRAM 000001
fputc@fp                 cstackCOMRAM 000003
fputs@c                  cstackCOMRAM 00000E
fputs@fp                 cstackCOMRAM 00000C
fputs@i                  cstackCOMRAM 00000F
fputs@s                  cstackCOMRAM 00000A
intlevel0                text         000000
intlevel1                text         000000
intlevel2                text         000000
intlevel3                text         000000
isdigit@c                cstackCOMRAM 000001
isspace@c                cstackCOMRAM 000001
main@resultado           cstackBANK0  000097
pad@buf                  cstackCOMRAM 000013
pad@fp                   cstackCOMRAM 000011
pad@i                    cstackCOMRAM 000018
pad@p                    cstackCOMRAM 000015
pad@w                    cstackCOMRAM 00001A
putrsXLCD@buffer         cstackCOMRAM 000002
putsXLCD@buffer          cstackCOMRAM 000002
sprintf@ap               cstackBANK0  00008F
sprintf@f                cstackBANK0  000091
sprintf@fmt              cstackCOMRAM 00005C
sprintf@s                cstackCOMRAM 00005A
stackhi                  (abs)        0007FF
stacklo                  (abs)        000099
start                    init         001000
start_initialization     cinit        006EE0
strlen@a                 cstackCOMRAM 000003
strlen@s                 cstackCOMRAM 000001
utoa@d                   cstackCOMRAM 00001E
utoa@fp                  cstackCOMRAM 00001C
utoa@i                   cstackCOMRAM 00003A
utoa@n                   cstackCOMRAM 000032
utoa@p                   cstackCOMRAM 00002E
utoa@w                   cstackCOMRAM 000030
vfpfcnvrt@ap             cstackCOMRAM 000040
vfpfcnvrt@done           cstackCOMRAM 00004E
vfpfcnvrt@fmt            cstackCOMRAM 00003E
vfpfcnvrt@fp             cstackCOMRAM 00003C
vfpfcnvrt@llu            cstackCOMRAM 000046
vfprintf@ap              cstackCOMRAM 000056
vfprintf@cfmt            cstackCOMRAM 000058
vfprintf@fmt             cstackCOMRAM 000054
vfprintf@fp              cstackCOMRAM 000052


FUNCTION INFORMATION:

 *************** function _main *****************
 Defined at:
		line 15 in file "main.c"
 Parameters:    Size  Location     Type
		None
 Auto vars:     Size  Location     Type
  resultado       2   10[BANK0 ] unsigned short 
 Return value:  Size  Location     Type
                  1    wreg      void 
 Registers used:
		wreg, fsr1l, fsr1h, fsr2l, fsr2h, status,2, status,0, tblptrl, tblptrh, tblptru, prodl, prodh, cstack
 Tracked objects:
		On entry : 
		On exit  : 
		Unchanged: 
 Data sizes:     COMRAM   BANK0   BANK1   BANK2   BANK3   BANK4   BANK5   BANK6   BANK7
      Params:         0       0       0       0       0       0       0       0       0
      Locals:         0       2       0       0       0       0       0       0       0
      Temps:          0       0       0       0       0       0       0       0       0
      Totals:         0       2       0       0       0       0       0       0       0
Total ram usage:        2 bytes
 Hardware stack levels required when called:    8
 This function calls:
		_ChecarLEDs
		_WriteCmdXLCD
		_conversionADC
		_delay_ms
		_initADC
		_initLCD
		_initLED
		_putsXLCD
		_sprintf
 This function is called by:
		Startup code after reset
 This function uses a non-reentrant model


 *************** function _sprintf *****************
 Defined at:
		line 9 in file "C:\Program Files (x86)\Microchip\xc8\v2.10\pic\sources\c99\common\nf_sprintf.c"
 Parameters:    Size  Location     Type
  s               2   89[COMRAM] PTR unsigned char 
		 -> strResultado(5), 
  fmt             2   91[COMRAM] PTR const unsigned char 
		 -> STR_1(5), 
 Auto vars:     Size  Location     Type
  f               6    4[BANK0 ] struct _IO_FILE
  ap              2    2[BANK0 ] PTR void [1]
		 -> ?_sprintf(2), 
  ret             2    0        int 
 Return value:  Size  Location     Type
                  2   89[COMRAM] int 
 Registers used:
		wreg, fsr1l, fsr1h, fsr2l, fsr2h, status,2, status,0, tblptrl, tblptrh, tblptru, prodl, prodh, cstack
 Tracked objects:
		On entry : 
		On exit  : 
		Unchanged: 
 Data sizes:     COMRAM   BANK0   BANK1   BANK2   BANK3   BANK4   BANK5   BANK6   BANK7
      Params:         6       0       0       0       0       0       0       0       0
      Locals:         0      10       0       0       0       0       0       0       0
      Temps:          0       0       0       0       0       0       0       0       0
      Totals:         6      10       0       0       0       0       0       0       0
Total ram usage:       16 bytes
 Hardware stack levels used:    1
 Hardware stack levels required when called:    7
 This function calls:
		_vfprintf
 This function is called by:
		_main
 This function uses a non-reentrant model


 *************** function _vfprintf *****************
 Defined at:
		line 1368 in file "C:\Program Files (x86)\Microchip\xc8\v2.10\pic\sources\c99\common\doprnt.c"
 Parameters:    Size  Location     Type
  fp              2   81[COMRAM] PTR struct _IO_FILE
		 -> sprintf@f(6), 
  fmt             2   83[COMRAM] PTR const unsigned char 
		 -> STR_1(5), 
  ap              2   85[COMRAM] PTR PTR void 
		 -> sprintf@ap(2), 
 Auto vars:     Size  Location     Type
  cfmt            2   87[COMRAM] PTR unsigned char 
		 -> STR_1(5), 
 Return value:  Size  Location     Type
                  2   81[COMRAM] int 
 Registers used:
		wreg, fsr1l, fsr1h, fsr2l, fsr2h, status,2, status,0, tblptrl, tblptrh, tblptru, prodl, prodh, cstack
 Tracked objects:
		On entry : 
		On exit  : 
		Unchanged: 
 Data sizes:     COMRAM   BANK0   BANK1   BANK2   BANK3   BANK4   BANK5   BANK6   BANK7
      Params:         6       0       0       0       0       0       0       0       0
      Locals:         2       0       0       0       0       0       0       0       0
      Temps:          0       0       0       0       0       0       0       0       0
      Totals:         8       0       0       0       0       0       0       0       0
Total ram usage:        8 bytes
 Hardware stack levels used:    1
 Hardware stack levels required when called:    6
 This function calls:
		_vfpfcnvrt
 This function is called by:
		_sprintf
 This function uses a non-reentrant model


 *************** function _vfpfcnvrt *****************
 Defined at:
		line 670 in file "C:\Program Files (x86)\Microchip\xc8\v2.10\pic\sources\c99\common\doprnt.c"
 Parameters:    Size  Location     Type
  fp              2   59[COMRAM] PTR struct _IO_FILE
		 -> sprintf@f(6), 
  fmt             2   61[COMRAM] PTR PTR unsigned char 
		 -> vfprintf@cfmt(2), 
  ap              2   63[COMRAM] PTR PTR void 
		 -> sprintf@ap(2), 
 Auto vars:     Size  Location     Type
  llu             8   69[COMRAM] unsigned long long 
  ll              8    0        long long 
  f               4    0        long long 
  vp              3    0        PTR void 
  ct              3    0        unsigned char [3]
  cp              3    0        PTR unsigned char 
  done            2   77[COMRAM] int 
  i               2    0        int 
  c               1    0        unsigned char 
 Return value:  Size  Location     Type
                  2   59[COMRAM] int 
 Registers used:
		wreg, fsr1l, fsr1h, fsr2l, fsr2h, status,2, status,0, tblptrl, tblptrh, tblptru, prodl, prodh, cstack
 Tracked objects:
		On entry : 
		On exit  : 
		Unchanged: 
 Data sizes:     COMRAM   BANK0   BANK1   BANK2   BANK3   BANK4   BANK5   BANK6   BANK7
      Params:         6       0       0       0       0       0       0       0       0
      Locals:        12       0       0       0       0       0       0       0       0
      Temps:          4       0       0       0       0       0       0       0       0
      Totals:        22       0       0       0       0       0       0       0       0
Total ram usage:       22 bytes
 Hardware stack levels used:    1
 Hardware stack levels required when called:    5
 This function calls:
		_atoi
		_fputc
		_isdigit
		_utoa
 This function is called by:
		_vfprintf
 This function uses a non-reentrant model


 *************** function _utoa *****************
 Defined at:
		line 593 in file "C:\Program Files (x86)\Microchip\xc8\v2.10\pic\sources\c99\common\doprnt.c"
 Parameters:    Size  Location     Type
  fp              2   27[COMRAM] PTR struct _IO_FILE
		 -> sprintf@f(6), 
  d               8   29[COMRAM] unsigned long long 
 Auto vars:     Size  Location     Type
  n               8   49[COMRAM] unsigned long long 
  i               2   57[COMRAM] int 
  w               2   47[COMRAM] int 
  p               2   45[COMRAM] int 
 Return value:  Size  Location     Type
                  2   27[COMRAM] int 
 Registers used:
		wreg, fsr1l, fsr1h, fsr2l, fsr2h, status,2, status,0, cstack
 Tracked objects:
		On entry : 
		On exit  : 
		Unchanged: 
 Data sizes:     COMRAM   BANK0   BANK1   BANK2   BANK3   BANK4   BANK5   BANK6   BANK7
      Params:        10       0       0       0       0       0       0       0       0
      Locals:        14       0       0       0       0       0       0       0       0
      Temps:          8       0       0       0       0       0       0       0       0
      Totals:        32       0       0       0       0       0       0       0       0
Total ram usage:       32 bytes
 Hardware stack levels used:    1
 Hardware stack levels required when called:    4
 This function calls:
		___lodiv
		___lomod
		_pad
 This function is called by:
		_vfpfcnvrt
 This function uses a non-reentrant model


 *************** function _pad *****************
 Defined at:
		line 72 in file "C:\Program Files (x86)\Microchip\xc8\v2.10\pic\sources\c99\common\doprnt.c"
 Parameters:    Size  Location     Type
  fp              2   16[COMRAM] PTR struct _IO_FILE
		 -> sprintf@f(6), 
  buf             2   18[COMRAM] PTR unsigned char 
		 -> dbuf(32), 
  p               2   20[COMRAM] int 
 Auto vars:     Size  Location     Type
  w               2   25[COMRAM] int 
  i               2   23[COMRAM] int 
 Return value:  Size  Location     Type
                  2   16[COMRAM] int 
 Registers used:
		wreg, fsr1l, fsr1h, fsr2l, fsr2h, status,2, status,0, cstack
 Tracked objects:
		On entry : 
		On exit  : 
		Unchanged: 
 Data sizes:     COMRAM   BANK0   BANK1   BANK2   BANK3   BANK4   BANK5   BANK6   BANK7
      Params:         6       0       0       0       0       0       0       0       0
      Locals:         4       0       0       0       0       0       0       0       0
      Temps:          1       0       0       0       0       0       0       0       0
      Totals:        11       0       0       0       0       0       0       0       0
Total ram usage:       11 bytes
 Hardware stack levels used:    1
 Hardware stack levels required when called:    3
 This function calls:
		_fputc
		_fputs
		_strlen
 This function is called by:
		_utoa
 This function uses a non-reentrant model


 *************** function _strlen *****************
 Defined at:
		line 5 in file "C:\Program Files (x86)\Microchip\xc8\v2.10\pic\sources\c99\common\strlen.c"
 Parameters:    Size  Location     Type
  s               2    0[COMRAM] PTR const unsigned char 
		 -> dbuf(32), 
 Auto vars:     Size  Location     Type
  a               2    2[COMRAM] PTR const unsigned char 
		 -> dbuf(32), 
 Return value:  Size  Location     Type
                  2    0[COMRAM] unsigned int 
 Registers used:
		wreg, fsr2l, fsr2h, status,2, status,0
 Tracked objects:
		On entry : 
		On exit  : 
		Unchanged: 
 Data sizes:     COMRAM   BANK0   BANK1   BANK2   BANK3   BANK4   BANK5   BANK6   BANK7
      Params:         2       0       0       0       0       0       0       0       0
      Locals:         2       0       0       0       0       0       0       0       0
      Temps:          0       0       0       0       0       0       0       0       0
      Totals:         4       0       0       0       0       0       0       0       0
Total ram usage:        4 bytes
 Hardware stack levels used:    1
 This function calls:
		Nothing
 This function is called by:
		_pad
 This function uses a non-reentrant model


 *************** function _fputs *****************
 Defined at:
		line 8 in file "C:\Program Files (x86)\Microchip\xc8\v2.10\pic\sources\c99\common\nf_fputs.c"
 Parameters:    Size  Location     Type
  s               2    9[COMRAM] PTR const unsigned char 
		 -> dbuf(32), 
  fp              2   11[COMRAM] PTR struct _IO_FILE
		 -> sprintf@f(6), 
 Auto vars:     Size  Location     Type
  i               2   14[COMRAM] int 
  c               1   13[COMRAM] unsigned char 
 Return value:  Size  Location     Type
                  2    9[COMRAM] int 
 Registers used:
		wreg, fsr1l, fsr1h, fsr2l, fsr2h, status,2, status,0, cstack
 Tracked objects:
		On entry : 
		On exit  : 
		Unchanged: 
 Data sizes:     COMRAM   BANK0   BANK1   BANK2   BANK3   BANK4   BANK5   BANK6   BANK7
      Params:         4       0       0       0       0       0       0       0       0
      Locals:         3       0       0       0       0       0       0       0       0
      Temps:          0       0       0       0       0       0       0       0       0
      Totals:         7       0       0       0       0       0       0       0       0
Total ram usage:        7 bytes
 Hardware stack levels used:    1
 Hardware stack levels required when called:    2
 This function calls:
		_fputc
 This function is called by:
		_pad
 This function uses a non-reentrant model


 *************** function _fputc *****************
 Defined at:
		line 8 in file "C:\Program Files (x86)\Microchip\xc8\v2.10\pic\sources\c99\common\nf_fputc.c"
 Parameters:    Size  Location     Type
  c               2    0[COMRAM] int 
  fp              2    2[COMRAM] PTR struct _IO_FILE
		 -> sprintf@f(6), 
 Auto vars:     Size  Location     Type
		None
 Return value:  Size  Location     Type
                  2    0[COMRAM] int 
 Registers used:
		wreg, fsr1l, fsr1h, fsr2l, fsr2h, status,2, status,0, cstack
 Tracked objects:
		On entry : 
		On exit  : 
		Unchanged: 
 Data sizes:     COMRAM   BANK0   BANK1   BANK2   BANK3   BANK4   BANK5   BANK6   BANK7
      Params:         4       0       0       0       0       0       0       0       0
      Locals:         0       0       0       0       0       0       0       0       0
      Temps:          5       0       0       0       0       0       0       0       0
      Totals:         9       0       0       0       0       0       0       0       0
Total ram usage:        9 bytes
 Hardware stack levels used:    1
 Hardware stack levels required when called:    1
 This function calls:
		_putch
 This function is called by:
		_pad
		_vfpfcnvrt
		_fputs
 This function uses a non-reentrant model


 *************** function _putch *****************
 Defined at:
		line 7 in file "C:\Program Files (x86)\Microchip\xc8\v2.10\pic\sources\c99\common\putch.c"
 Parameters:    Size  Location     Type
  c               1    wreg     unsigned char 
 Auto vars:     Size  Location     Type
  c               1    0[COMRAM] unsigned char 
 Return value:  Size  Location     Type
                  1    wreg      void 
 Registers used:
		wreg
 Tracked objects:
		On entry : 
		On exit  : 
		Unchanged: 
 Data sizes:     COMRAM   BANK0   BANK1   BANK2   BANK3   BANK4   BANK5   BANK6   BANK7
      Params:         0       0       0       0       0       0       0       0       0
      Locals:         0       0       0       0       0       0       0       0       0
      Temps:          0       0       0       0       0       0       0       0       0
      Totals:         0       0       0       0       0       0       0       0       0
Total ram usage:        0 bytes
 Hardware stack levels used:    1
 This function calls:
		Nothing
 This function is called by:
		_fputc
 This function uses a non-reentrant model


 *************** function ___lomod *****************
 Defined at:
		line 9 in file "C:\Program Files (x86)\Microchip\xc8\v2.10\pic\sources\c99\common\lomod.c"
 Parameters:    Size  Location     Type
  dividend        8    0[COMRAM] unsigned long long 
  divisor         8    8[COMRAM] unsigned long long 
 Auto vars:     Size  Location     Type
  counter         1   16[COMRAM] unsigned char 
 Return value:  Size  Location     Type
                  8    0[COMRAM] unsigned long long 
 Registers used:
		wreg, status,2, status,0
 Tracked objects:
		On entry : 
		On exit  : 
		Unchanged: 
 Data sizes:     COMRAM   BANK0   BANK1   BANK2   BANK3   BANK4   BANK5   BANK6   BANK7
      Params:        16       0       0       0       0       0       0       0       0
      Locals:         1       0       0       0       0       0       0       0       0
      Temps:          0       0       0       0       0       0       0       0       0
      Totals:        17       0       0       0       0       0       0       0       0
Total ram usage:       17 bytes
 Hardware stack levels used:    1
 This function calls:
		Nothing
 This function is called by:
		_utoa
 This function uses a non-reentrant model


 *************** function ___lodiv *****************
 Defined at:
		line 9 in file "C:\Program Files (x86)\Microchip\xc8\v2.10\pic\sources\c99\common\lodiv.c"
 Parameters:    Size  Location     Type
  dividend        8    0[COMRAM] unsigned long long 
  divisor         8    8[COMRAM] unsigned long long 
 Auto vars:     Size  Location     Type
  quotient        8   16[COMRAM] unsigned long long 
  counter         1   24[COMRAM] unsigned char 
 Return value:  Size  Location     Type
                  8    0[COMRAM] unsigned long long 
 Registers used:
		wreg, fsr2l, fsr2h, status,2, status,0
 Tracked objects:
		On entry : 
		On exit  : 
		Unchanged: 
 Data sizes:     COMRAM   BANK0   BANK1   BANK2   BANK3   BANK4   BANK5   BANK6   BANK7
      Params:        16       0       0       0       0       0       0       0       0
      Locals:         9       0       0       0       0       0       0       0       0
      Temps:          0       0       0       0       0       0       0       0       0
      Totals:        25       0       0       0       0       0       0       0       0
Total ram usage:       25 bytes
 Hardware stack levels used:    1
 This function calls:
		Nothing
 This function is called by:
		_utoa
 This function uses a non-reentrant model


 *************** function _atoi *****************
 Defined at:
		line 4 in file "C:\Program Files (x86)\Microchip\xc8\v2.10\pic\sources\c99\common\atoi.c"
 Parameters:    Size  Location     Type
  s               2    7[COMRAM] PTR const unsigned char 
		 -> STR_1(5), 
 Auto vars:     Size  Location     Type
  n               2   20[COMRAM] int 
  neg             2   13[COMRAM] int 
 Return value:  Size  Location     Type
                  2    7[COMRAM] int 
 Registers used:
		wreg, status,2, status,0, tblptrl, tblptrh, tblptru, prodl, prodh, cstack
 Tracked objects:
		On entry : 
		On exit  : 
		Unchanged: 
 Data sizes:     COMRAM   BANK0   BANK1   BANK2   BANK3   BANK4   BANK5   BANK6   BANK7
      Params:         2       0       0       0       0       0       0       0       0
      Locals:         9       0       0       0       0       0       0       0       0
      Temps:          4       0       0       0       0       0       0       0       0
      Totals:        15       0       0       0       0       0       0       0       0
Total ram usage:       15 bytes
 Hardware stack levels used:    1
 Hardware stack levels required when called:    1
 This function calls:
		___wmul
		_isdigit
		_isspace
 This function is called by:
		_vfpfcnvrt
 This function uses a non-reentrant model


 *************** function _isspace *****************
 Defined at:
		line 5 in file "C:\Program Files (x86)\Microchip\xc8\v2.10\pic\sources\c99\common\isspace.c"
 Parameters:    Size  Location     Type
  c               2    0[COMRAM] int 
 Auto vars:     Size  Location     Type
		None
 Return value:  Size  Location     Type
                  2    0[COMRAM] int 
 Registers used:
		wreg, status,2, status,0
 Tracked objects:
		On entry : 
		On exit  : 
		Unchanged: 
 Data sizes:     COMRAM   BANK0   BANK1   BANK2   BANK3   BANK4   BANK5   BANK6   BANK7
      Params:         2       0       0       0       0       0       0       0       0
      Locals:         1       0       0       0       0       0       0       0       0
      Temps:          4       0       0       0       0       0       0       0       0
      Totals:         7       0       0       0       0       0       0       0       0
Total ram usage:        7 bytes
 Hardware stack levels used:    1
 This function calls:
		Nothing
 This function is called by:
		_atoi
 This function uses a non-reentrant model


 *************** function _isdigit *****************
 Defined at:
		line 5 in file "C:\Program Files (x86)\Microchip\xc8\v2.10\pic\sources\c99\common\isdigit.c"
 Parameters:    Size  Location     Type
  c               2    0[COMRAM] int 
 Auto vars:     Size  Location     Type
		None
 Return value:  Size  Location     Type
                  2    0[COMRAM] int 
 Registers used:
		wreg, status,2, status,0
 Tracked objects:
		On entry : 
		On exit  : 
		Unchanged: 
 Data sizes:     COMRAM   BANK0   BANK1   BANK2   BANK3   BANK4   BANK5   BANK6   BANK7
      Params:         2       0       0       0       0       0       0       0       0
      Locals:         0       0       0       0       0       0       0       0       0
      Temps:          4       0       0       0       0       0       0       0       0
      Totals:         6       0       0       0       0       0       0       0       0
Total ram usage:        6 bytes
 Hardware stack levels used:    1
 This function calls:
		Nothing
 This function is called by:
		_vfpfcnvrt
		_atoi
 This function uses a non-reentrant model


 *************** function ___wmul *****************
 Defined at:
		line 15 in file "C:\Program Files (x86)\Microchip\xc8\v2.10\pic\sources\c99\common\Umul16.c"
 Parameters:    Size  Location     Type
  multiplier      2    0[COMRAM] unsigned int 
  multiplicand    2    2[COMRAM] unsigned int 
 Auto vars:     Size  Location     Type
  product         2    4[COMRAM] unsigned int 
 Return value:  Size  Location     Type
                  2    0[COMRAM] unsigned int 
 Registers used:
		wreg, status,2, status,0, prodl, prodh
 Tracked objects:
		On entry : 
		On exit  : 
		Unchanged: 
 Data sizes:     COMRAM   BANK0   BANK1   BANK2   BANK3   BANK4   BANK5   BANK6   BANK7
      Params:         4       0       0       0       0       0       0       0       0
      Locals:         2       0       0       0       0       0       0       0       0
      Temps:          0       0       0       0       0       0       0       0       0
      Totals:         6       0       0       0       0       0       0       0       0
Total ram usage:        6 bytes
 Hardware stack levels used:    1
 This function calls:
		Nothing
 This function is called by:
		_atoi
 This function uses a non-reentrant model


 *************** function _putsXLCD *****************
 Defined at:
		line 16 in file "XLCD/putsxlcd.c"
 Parameters:    Size  Location     Type
  buffer          2    1[COMRAM] PTR unsigned char 
		 -> strResultado(5), 
 Auto vars:     Size  Location     Type
		None
 Return value:  Size  Location     Type
                  1    wreg      void 
 Registers used:
		wreg, fsr2l, fsr2h, status,2, status,0, cstack
 Tracked objects:
		On entry : 
		On exit  : 
		Unchanged: 
 Data sizes:     COMRAM   BANK0   BANK1   BANK2   BANK3   BANK4   BANK5   BANK6   BANK7
      Params:         2       0       0       0       0       0       0       0       0
      Locals:         0       0       0       0       0       0       0       0       0
      Temps:          0       0       0       0       0       0       0       0       0
      Totals:         2       0       0       0       0       0       0       0       0
Total ram usage:        2 bytes
 Hardware stack levels used:    1
 Hardware stack levels required when called:    2
 This function calls:
		_BusyXLCD
		_WriteDataXLCD
 This function is called by:
		_main
 This function uses a non-reentrant model


 *************** function _initLED *****************
 Defined at:
		line 29 in file "main.c"
 Parameters:    Size  Location     Type
		None
 Auto vars:     Size  Location     Type
		None
 Return value:  Size  Location     Type
                  1    wreg      void 
 Registers used:
		wreg, status,2
 Tracked objects:
		On entry : 
		On exit  : 
		Unchanged: 
 Data sizes:     COMRAM   BANK0   BANK1   BANK2   BANK3   BANK4   BANK5   BANK6   BANK7
      Params:         0       0       0       0       0       0       0       0       0
      Locals:         0       0       0       0       0       0       0       0       0
      Temps:          0       0       0       0       0       0       0       0       0
      Totals:         0       0       0       0       0       0       0       0       0
Total ram usage:        0 bytes
 Hardware stack levels used:    1
 This function calls:
		Nothing
 This function is called by:
		_main
 This function uses a non-reentrant model


 *************** function _initLCD *****************
 Defined at:
		line 42 in file "main.c"
 Parameters:    Size  Location     Type
		None
 Auto vars:     Size  Location     Type
		None
 Return value:  Size  Location     Type
                  1    wreg      void 
 Registers used:
		wreg, status,2, status,0, tblptrl, tblptrh, tblptru, cstack
 Tracked objects:
		On entry : 
		On exit  : 
		Unchanged: 
 Data sizes:     COMRAM   BANK0   BANK1   BANK2   BANK3   BANK4   BANK5   BANK6   BANK7
      Params:         0       0       0       0       0       0       0       0       0
      Locals:         0       0       0       0       0       0       0       0       0
      Temps:          0       0       0       0       0       0       0       0       0
      Totals:         0       0       0       0       0       0       0       0       0
Total ram usage:        0 bytes
 Hardware stack levels used:    1
 Hardware stack levels required when called:    3
 This function calls:
		_OpenXLCD
		_WriteCmdXLCD
		_putrsXLCD
 This function is called by:
		_main
 This function uses a non-reentrant model


 *************** function _putrsXLCD *****************
 Defined at:
		line 16 in file "XLCD/putrxlcd.c"
 Parameters:    Size  Location     Type
  buffer          2    1[COMRAM] PTR const unsigned char 
		 -> STR_2(16), 
 Auto vars:     Size  Location     Type
		None
 Return value:  Size  Location     Type
                  1    wreg      void 
 Registers used:
		wreg, status,2, status,0, tblptrl, tblptrh, tblptru, cstack
 Tracked objects:
		On entry : 
		On exit  : 
		Unchanged: 
 Data sizes:     COMRAM   BANK0   BANK1   BANK2   BANK3   BANK4   BANK5   BANK6   BANK7
      Params:         2       0       0       0       0       0       0       0       0
      Locals:         0       0       0       0       0       0       0       0       0
      Temps:          0       0       0       0       0       0       0       0       0
      Totals:         2       0       0       0       0       0       0       0       0
Total ram usage:        2 bytes
 Hardware stack levels used:    1
 Hardware stack levels required when called:    2
 This function calls:
		_BusyXLCD
		_WriteDataXLCD
 This function is called by:
		_initLCD
 This function uses a non-reentrant model


 *************** function _WriteDataXLCD *****************
 Defined at:
		line 16 in file "XLCD/writdata.c"
 Parameters:    Size  Location     Type
  data            1    wreg     unsigned char 
 Auto vars:     Size  Location     Type
  data            1    0[COMRAM] unsigned char 
 Return value:  Size  Location     Type
                  1    wreg      void 
 Registers used:
		wreg, status,2, status,0, cstack
 Tracked objects:
		On entry : 
		On exit  : 
		Unchanged: 
 Data sizes:     COMRAM   BANK0   BANK1   BANK2   BANK3   BANK4   BANK5   BANK6   BANK7
      Params:         0       0       0       0       0       0       0       0       0
      Locals:         1       0       0       0       0       0       0       0       0
      Temps:          0       0       0       0       0       0       0       0       0
      Totals:         1       0       0       0       0       0       0       0       0
Total ram usage:        1 bytes
 Hardware stack levels used:    1
 Hardware stack levels required when called:    1
 This function calls:
		_DelayFor18TCY
 This function is called by:
		_putrsXLCD
		_putsXLCD
 This function uses a non-reentrant model


 *************** function _OpenXLCD *****************
 Defined at:
		line 19 in file "XLCD/openxlcd.c"
 Parameters:    Size  Location     Type
  lcdtype         1    wreg     unsigned char 
 Auto vars:     Size  Location     Type
  lcdtype         1    6[COMRAM] unsigned char 
 Return value:  Size  Location     Type
                  1    wreg      void 
 Registers used:
		wreg, status,2, status,0, cstack
 Tracked objects:
		On entry : 
		On exit  : 
		Unchanged: 
 Data sizes:     COMRAM   BANK0   BANK1   BANK2   BANK3   BANK4   BANK5   BANK6   BANK7
      Params:         0       0       0       0       0       0       0       0       0
      Locals:         1       0       0       0       0       0       0       0       0
      Temps:          1       0       0       0       0       0       0       0       0
      Totals:         2       0       0       0       0       0       0       0       0
Total ram usage:        2 bytes
 Hardware stack levels used:    1
 Hardware stack levels required when called:    2
 This function calls:
		_BusyXLCD
		_DelayPORXLCD
		_SetDDRamAddr
		_WriteCmdXLCD
 This function is called by:
		_initLCD
 This function uses a non-reentrant model


 *************** function _WriteCmdXLCD *****************
 Defined at:
		line 13 in file "XLCD/wcmdxlcd.c"
 Parameters:    Size  Location     Type
  cmd             1    wreg     unsigned char 
 Auto vars:     Size  Location     Type
  cmd             1    0[COMRAM] unsigned char 
 Return value:  Size  Location     Type
                  1    wreg      void 
 Registers used:
		wreg, status,2, status,0, cstack
 Tracked objects:
		On entry : 
		On exit  : 
		Unchanged: 
 Data sizes:     COMRAM   BANK0   BANK1   BANK2   BANK3   BANK4   BANK5   BANK6   BANK7
      Params:         0       0       0       0       0       0       0       0       0
      Locals:         1       0       0       0       0       0       0       0       0
      Temps:          0       0       0       0       0       0       0       0       0
      Totals:         1       0       0       0       0       0       0       0       0
Total ram usage:        1 bytes
 Hardware stack levels used:    1
 Hardware stack levels required when called:    1
 This function calls:
		_DelayFor18TCY
 This function is called by:
		_OpenXLCD
		_main
		_initLCD
 This function uses a non-reentrant model


 *************** function _SetDDRamAddr *****************
 Defined at:
		line 13 in file "XLCD/setddram.c"
 Parameters:    Size  Location     Type
  DDaddr          1    wreg     unsigned char 
 Auto vars:     Size  Location     Type
  DDaddr          1    3[COMRAM] unsigned char 
 Return value:  Size  Location     Type
                  1    wreg      void 
 Registers used:
		wreg, status,2, status,0, cstack
 Tracked objects:
		On entry : 
		On exit  : 
		Unchanged: 
 Data sizes:     COMRAM   BANK0   BANK1   BANK2   BANK3   BANK4   BANK5   BANK6   BANK7
      Params:         0       0       0       0       0       0       0       0       0
      Locals:         1       0       0       0       0       0       0       0       0
      Temps:          3       0       0       0       0       0       0       0       0
      Totals:         4       0       0       0       0       0       0       0       0
Total ram usage:        4 bytes
 Hardware stack levels used:    1
 Hardware stack levels required when called:    1
 This function calls:
		_DelayFor18TCY
 This function is called by:
		_OpenXLCD
 This function uses a non-reentrant model


 *************** function _DelayPORXLCD *****************
 Defined at:
		line 73 in file "main.c"
 Parameters:    Size  Location     Type
		None
 Auto vars:     Size  Location     Type
		None
 Return value:  Size  Location     Type
                  1    wreg      void 
 Registers used:
		wreg, status,2, status,0, cstack
 Tracked objects:
		On entry : 
		On exit  : 
		Unchanged: 
 Data sizes:     COMRAM   BANK0   BANK1   BANK2   BANK3   BANK4   BANK5   BANK6   BANK7
      Params:         0       0       0       0       0       0       0       0       0
      Locals:         0       0       0       0       0       0       0       0       0
      Temps:          0       0       0       0       0       0       0       0       0
      Totals:         0       0       0       0       0       0       0       0       0
Total ram usage:        0 bytes
 Hardware stack levels used:    1
 Hardware stack levels required when called:    1
 This function calls:
		_delay_ms
 This function is called by:
		_OpenXLCD
 This function uses a non-reentrant model


 *************** function _delay_ms *****************
 Defined at:
		line 157 in file "../AlteriADC.X/Alteri.h"
 Parameters:    Size  Location     Type
  n               4    0[COMRAM] long 
 Auto vars:     Size  Location     Type
		None
 Return value:  Size  Location     Type
                  1    wreg      void 
 Registers used:
		wreg, status,2, status,0
 Tracked objects:
		On entry : 
		On exit  : 
		Unchanged: 
 Data sizes:     COMRAM   BANK0   BANK1   BANK2   BANK3   BANK4   BANK5   BANK6   BANK7
      Params:         4       0       0       0       0       0       0       0       0
      Locals:         0       0       0       0       0       0       0       0       0
      Temps:          1       0       0       0       0       0       0       0       0
      Totals:         5       0       0       0       0       0       0       0       0
Total ram usage:        5 bytes
 Hardware stack levels used:    1
 This function calls:
		Nothing
 This function is called by:
		_main
		_DelayPORXLCD
		_DelayXLCD
 This function uses a non-reentrant model


 *************** function _BusyXLCD *****************
 Defined at:
		line 11 in file "XLCD/busyxlcd.c"
 Parameters:    Size  Location     Type
		None
 Auto vars:     Size  Location     Type
		None
 Return value:  Size  Location     Type
                  1    wreg      unsigned char 
 Registers used:
		wreg, cstack
 Tracked objects:
		On entry : 
		On exit  : 
		Unchanged: 
 Data sizes:     COMRAM   BANK0   BANK1   BANK2   BANK3   BANK4   BANK5   BANK6   BANK7
      Params:         0       0       0       0       0       0       0       0       0
      Locals:         0       0       0       0       0       0       0       0       0
      Temps:          0       0       0       0       0       0       0       0       0
      Totals:         0       0       0       0       0       0       0       0       0
Total ram usage:        0 bytes
 Hardware stack levels used:    1
 Hardware stack levels required when called:    1
 This function calls:
		_DelayFor18TCY
 This function is called by:
		_OpenXLCD
		_putrsXLCD
		_putsXLCD
 This function uses a non-reentrant model


 *************** function _DelayFor18TCY *****************
 Defined at:
		line 70 in file "main.c"
 Parameters:    Size  Location     Type
		None
 Auto vars:     Size  Location     Type
		None
 Return value:  Size  Location     Type
                  1    wreg      void 
 Registers used:
		wreg
 Tracked objects:
		On entry : 
		On exit  : 
		Unchanged: 
 Data sizes:     COMRAM   BANK0   BANK1   BANK2   BANK3   BANK4   BANK5   BANK6   BANK7
      Params:         0       0       0       0       0       0       0       0       0
      Locals:         0       0       0       0       0       0       0       0       0
      Temps:          0       0       0       0       0       0       0       0       0
      Totals:         0       0       0       0       0       0       0       0       0
Total ram usage:        0 bytes
 Hardware stack levels used:    1
 This function calls:
		Nothing
 This function is called by:
		_BusyXLCD
		_SetDDRamAddr
		_WriteCmdXLCD
		_WriteDataXLCD
		_ReadAddrXLCD
		_ReadDataXLCD
		_SetCGRamAddr
 This function uses a non-reentrant model


 *************** function _initADC *****************
 Defined at:
		line 35 in file "main.c"
 Parameters:    Size  Location     Type
		None
 Auto vars:     Size  Location     Type
		None
 Return value:  Size  Location     Type
                  1    wreg      void 
 Registers used:
		wreg, status,2
 Tracked objects:
		On entry : 
		On exit  : 
		Unchanged: 
 Data sizes:     COMRAM   BANK0   BANK1   BANK2   BANK3   BANK4   BANK5   BANK6   BANK7
      Params:         0       0       0       0       0       0       0       0       0
      Locals:         0       0       0       0       0       0       0       0       0
      Temps:          0       0       0       0       0       0       0       0       0
      Totals:         0       0       0       0       0       0       0       0       0
Total ram usage:        0 bytes
 Hardware stack levels used:    1
 This function calls:
		Nothing
 This function is called by:
		_main
 This function uses a non-reentrant model


 *************** function _conversionADC *****************
 Defined at:
		line 49 in file "main.c"
 Parameters:    Size  Location     Type
		None
 Auto vars:     Size  Location     Type
  resultado       2    4[COMRAM] unsigned int 
 Return value:  Size  Location     Type
                  2    0[COMRAM] unsigned short 
 Registers used:
		wreg, status,2, status,0
 Tracked objects:
		On entry : 
		On exit  : 
		Unchanged: 
 Data sizes:     COMRAM   BANK0   BANK1   BANK2   BANK3   BANK4   BANK5   BANK6   BANK7
      Params:         2       0       0       0       0       0       0       0       0
      Locals:         2       0       0       0       0       0       0       0       0
      Temps:          2       0       0       0       0       0       0       0       0
      Totals:         6       0       0       0       0       0       0       0       0
Total ram usage:        6 bytes
 Hardware stack levels used:    1
 This function calls:
		Nothing
 This function is called by:
		_main
 This function uses a non-reentrant model


 *************** function _ChecarLEDs *****************
 Defined at:
		line 57 in file "main.c"
 Parameters:    Size  Location     Type
  res             2    0[COMRAM] unsigned short 
 Auto vars:     Size  Location     Type
		None
 Return value:  Size  Location     Type
                  1    wreg      void 
 Registers used:
		wreg, status,2, status,0
 Tracked objects:
		On entry : 
		On exit  : 
		Unchanged: 
 Data sizes:     COMRAM   BANK0   BANK1   BANK2   BANK3   BANK4   BANK5   BANK6   BANK7
      Params:         2       0       0       0       0       0       0       0       0
      Locals:         0       0       0       0       0       0       0       0       0
      Temps:          1       0       0       0       0       0       0       0       0
      Totals:         3       0       0       0       0       0       0       0       0
Total ram usage:        3 bytes
 Hardware stack levels used:    1
 This function calls:
		Nothing
 This function is called by:
		_main
 This function uses a non-reentrant model



MODULE INFORMATION

Module		Function		Class		Link	Load	Size
XLCD/setddram.c
		_SetDDRamAddr  		CODE           	7256	0000	91

XLCD/setddram.c estimated size: 91

C:\Program Files (x86)\Microchip\xc8\v2.10\pic\sources\c99\common\atoi.c
		_atoi          		CODE           	791A	0000	401

C:\Program Files (x86)\Microchip\xc8\v2.10\pic\sources\c99\common\atoi.c estimated size: 401

C:\Program Files (x86)\Microchip\xc8\v2.10\pic\sources\c99\common\lodiv.c
		___lodiv       		CODE           	75E0	0000	241

C:\Program Files (x86)\Microchip\xc8\v2.10\pic\sources\c99\common\lodiv.c estimated size: 241

C:\Program Files (x86)\Microchip\xc8\v2.10\pic\sources\c99\common\isspace.c
		_isspace       		CODE           	71B2	0000	83

C:\Program Files (x86)\Microchip\xc8\v2.10\pic\sources\c99\common\isspace.c estimated size: 83

C:\Program Files (x86)\Microchip\xc8\v2.10\pic\sources\c99\common\strlen.c
		_strlen        		CODE           	6F6E	0000	55

C:\Program Files (x86)\Microchip\xc8\v2.10\pic\sources\c99\common\strlen.c estimated size: 55

XLCD/openxlcd.c
		_OpenXLCD      		CODE           	76D0	0000	253

XLCD/openxlcd.c estimated size: 253

XLCD/wcmdxlcd.c
		_WriteCmdXLCD  		CODE           	6FDC	0000	63

XLCD/wcmdxlcd.c estimated size: 63

XLCD/busyxlcd.c
		_BusyXLCD      		CODE           	7122	0000	71

XLCD/busyxlcd.c estimated size: 71

C:\Program Files (x86)\Microchip\xc8\v2.10\pic\sources\c99\common\doprnt.c
		_vfpfcnvrt     		CODE           	7CAC	0000	853
		_pad           		CODE           	7380	0000	199
		_vfprintf      		CODE           	72B0	0000	99
		_utoa          		CODE           	7AAA	0000	515

C:\Program Files (x86)\Microchip\xc8\v2.10\pic\sources\c99\common\doprnt.c estimated size: 1666

C:\Program Files (x86)\Microchip\xc8\v2.10\pic\sources\c99\common\nf_fputs.c
		_fputs         		CODE           	70DE	0000	69

C:\Program Files (x86)\Microchip\xc8\v2.10\pic\sources\c99\common\nf_fputs.c estimated size: 69

shared
		__initialization		CODE           	6EE0	0000	13

shared estimated size: 13

C:\Program Files (x86)\Microchip\xc8\v2.10\pic\sources\c99\common\putch.c
		_putch         		CODE           	6EA0	0000	3

C:\Program Files (x86)\Microchip\xc8\v2.10\pic\sources\c99\common\putch.c estimated size: 3

C:\Program Files (x86)\Microchip\xc8\v2.10\pic\sources\c99\common\isdigit.c
		_isdigit       		CODE           	6FA4	0000	57

C:\Program Files (x86)\Microchip\xc8\v2.10\pic\sources\c99\common\isdigit.c estimated size: 57

C:\Program Files (x86)\Microchip\xc8\v2.10\pic\sources\c99\common\lomod.c
		___lomod       		CODE           	7510	0000	209

C:\Program Files (x86)\Microchip\xc8\v2.10\pic\sources\c99\common\lomod.c estimated size: 209

XLCD/putsxlcd.c
		_putsXLCD      		CODE           	709A	0000	69

XLCD/putsxlcd.c estimated size: 69

XLCD/writdata.c
		_WriteDataXLCD 		CODE           	701A	0000	63

XLCD/writdata.c estimated size: 63

C:\Program Files (x86)\Microchip\xc8\v2.10\pic\sources\c99\common\nf_sprintf.c
		_sprintf       		CODE           	7204	0000	83

C:\Program Files (x86)\Microchip\xc8\v2.10\pic\sources\c99\common\nf_sprintf.c estimated size: 83

C:\Program Files (x86)\Microchip\xc8\v2.10\pic\sources\c99\common\Umul16.c
		___wmul        		CODE           	6F1C	0000	39

C:\Program Files (x86)\Microchip\xc8\v2.10\pic\sources\c99\common\Umul16.c estimated size: 39

../AlteriADC.X/Alteri.h
		_delay_ms      		CODE           	7058	0000	67

../AlteriADC.X/Alteri.h estimated size: 67

main.c
		_ChecarLEDs    		CODE           	77CC	0000	335
		_conversionADC 		CODE           	6F42	0000	45
		_main          		CODE           	7312	0000	111
		_DelayFor18TCY 		CODE           	6EA2	0000	9
		_initLED       		CODE           	6EB8	0000	19
		_DelayPORXLCD  		CODE           	6ECA	0000	23
		_initADC       		CODE           	6EAA	0000	15
		_initLCD       		CODE           	6EF6	0000	39

main.c estimated size: 596

XLCD/putrxlcd.c
		_putrsXLCD     		CODE           	7168	0000	75

XLCD/putrxlcd.c estimated size: 75

C:\Program Files (x86)\Microchip\xc8\v2.10\pic\sources\c99\common\nf_fputc.c
		_fputc         		CODE           	7446	0000	203

C:\Program Files (x86)\Microchip\xc8\v2.10\pic\sources\c99\common\nf_fputc.c estimated size: 203

